Archive member included to satisfy reference by file (symbol)

C:/ST/STM32CubeIDE_1.17.0/STM32CubeIDE/plugins/com.st.stm32cube.ide.mcu.externaltools.gnu-tools-for-stm32.12.3.rel1.win32_1.1.0.202410251130/tools/bin/../lib/gcc/arm-none-eabi/12.3.1/../../../../arm-none-eabi/lib/thumb/v6-m/nofp\libc_nano.a(libc_a-exit.o)
                              C:/ST/STM32CubeIDE_1.17.0/STM32CubeIDE/plugins/com.st.stm32cube.ide.mcu.externaltools.gnu-tools-for-stm32.12.3.rel1.win32_1.1.0.202410251130/tools/bin/../lib/gcc/arm-none-eabi/12.3.1/../../../../arm-none-eabi/lib/thumb/v6-m/nofp/crt0.o (exit)
C:/ST/STM32CubeIDE_1.17.0/STM32CubeIDE/plugins/com.st.stm32cube.ide.mcu.externaltools.gnu-tools-for-stm32.12.3.rel1.win32_1.1.0.202410251130/tools/bin/../lib/gcc/arm-none-eabi/12.3.1/../../../../arm-none-eabi/lib/thumb/v6-m/nofp\libc_nano.a(libc_a-malloc.o)
                              ./Core/User/Example/OLED_0in91_test.o (malloc)
C:/ST/STM32CubeIDE_1.17.0/STM32CubeIDE/plugins/com.st.stm32cube.ide.mcu.externaltools.gnu-tools-for-stm32.12.3.rel1.win32_1.1.0.202410251130/tools/bin/../lib/gcc/arm-none-eabi/12.3.1/../../../../arm-none-eabi/lib/thumb/v6-m/nofp\libc_nano.a(libc_a-mallocr.o)
                              C:/ST/STM32CubeIDE_1.17.0/STM32CubeIDE/plugins/com.st.stm32cube.ide.mcu.externaltools.gnu-tools-for-stm32.12.3.rel1.win32_1.1.0.202410251130/tools/bin/../lib/gcc/arm-none-eabi/12.3.1/../../../../arm-none-eabi/lib/thumb/v6-m/nofp\libc_nano.a(libc_a-malloc.o) (_malloc_r)
C:/ST/STM32CubeIDE_1.17.0/STM32CubeIDE/plugins/com.st.stm32cube.ide.mcu.externaltools.gnu-tools-for-stm32.12.3.rel1.win32_1.1.0.202410251130/tools/bin/../lib/gcc/arm-none-eabi/12.3.1/../../../../arm-none-eabi/lib/thumb/v6-m/nofp\libc_nano.a(libc_a-mlock.o)
                              C:/ST/STM32CubeIDE_1.17.0/STM32CubeIDE/plugins/com.st.stm32cube.ide.mcu.externaltools.gnu-tools-for-stm32.12.3.rel1.win32_1.1.0.202410251130/tools/bin/../lib/gcc/arm-none-eabi/12.3.1/../../../../arm-none-eabi/lib/thumb/v6-m/nofp\libc_nano.a(libc_a-mallocr.o) (__malloc_lock)
C:/ST/STM32CubeIDE_1.17.0/STM32CubeIDE/plugins/com.st.stm32cube.ide.mcu.externaltools.gnu-tools-for-stm32.12.3.rel1.win32_1.1.0.202410251130/tools/bin/../lib/gcc/arm-none-eabi/12.3.1/../../../../arm-none-eabi/lib/thumb/v6-m/nofp\libc_nano.a(libc_a-findfp.o)
                              C:/ST/STM32CubeIDE_1.17.0/STM32CubeIDE/plugins/com.st.stm32cube.ide.mcu.externaltools.gnu-tools-for-stm32.12.3.rel1.win32_1.1.0.202410251130/tools/bin/../lib/gcc/arm-none-eabi/12.3.1/../../../../arm-none-eabi/lib/thumb/v6-m/nofp\libc_nano.a(libc_a-exit.o) (__stdio_exit_handler)
C:/ST/STM32CubeIDE_1.17.0/STM32CubeIDE/plugins/com.st.stm32cube.ide.mcu.externaltools.gnu-tools-for-stm32.12.3.rel1.win32_1.1.0.202410251130/tools/bin/../lib/gcc/arm-none-eabi/12.3.1/../../../../arm-none-eabi/lib/thumb/v6-m/nofp\libc_nano.a(libc_a-fwalk.o)
                              C:/ST/STM32CubeIDE_1.17.0/STM32CubeIDE/plugins/com.st.stm32cube.ide.mcu.externaltools.gnu-tools-for-stm32.12.3.rel1.win32_1.1.0.202410251130/tools/bin/../lib/gcc/arm-none-eabi/12.3.1/../../../../arm-none-eabi/lib/thumb/v6-m/nofp\libc_nano.a(libc_a-findfp.o) (_fwalk_sglue)
C:/ST/STM32CubeIDE_1.17.0/STM32CubeIDE/plugins/com.st.stm32cube.ide.mcu.externaltools.gnu-tools-for-stm32.12.3.rel1.win32_1.1.0.202410251130/tools/bin/../lib/gcc/arm-none-eabi/12.3.1/../../../../arm-none-eabi/lib/thumb/v6-m/nofp\libc_nano.a(libc_a-printf.o)
                              ./Core/User/GUI/GUI_Paint.o (printf)
C:/ST/STM32CubeIDE_1.17.0/STM32CubeIDE/plugins/com.st.stm32cube.ide.mcu.externaltools.gnu-tools-for-stm32.12.3.rel1.win32_1.1.0.202410251130/tools/bin/../lib/gcc/arm-none-eabi/12.3.1/../../../../arm-none-eabi/lib/thumb/v6-m/nofp\libc_nano.a(libc_a-puts.o)
                              ./Core/User/Config/DEV_Config.o (puts)
C:/ST/STM32CubeIDE_1.17.0/STM32CubeIDE/plugins/com.st.stm32cube.ide.mcu.externaltools.gnu-tools-for-stm32.12.3.rel1.win32_1.1.0.202410251130/tools/bin/../lib/gcc/arm-none-eabi/12.3.1/../../../../arm-none-eabi/lib/thumb/v6-m/nofp\libc_nano.a(libc_a-stdio.o)
                              C:/ST/STM32CubeIDE_1.17.0/STM32CubeIDE/plugins/com.st.stm32cube.ide.mcu.externaltools.gnu-tools-for-stm32.12.3.rel1.win32_1.1.0.202410251130/tools/bin/../lib/gcc/arm-none-eabi/12.3.1/../../../../arm-none-eabi/lib/thumb/v6-m/nofp\libc_nano.a(libc_a-findfp.o) (__sread)
C:/ST/STM32CubeIDE_1.17.0/STM32CubeIDE/plugins/com.st.stm32cube.ide.mcu.externaltools.gnu-tools-for-stm32.12.3.rel1.win32_1.1.0.202410251130/tools/bin/../lib/gcc/arm-none-eabi/12.3.1/../../../../arm-none-eabi/lib/thumb/v6-m/nofp\libc_nano.a(libc_a-wbuf.o)
                              C:/ST/STM32CubeIDE_1.17.0/STM32CubeIDE/plugins/com.st.stm32cube.ide.mcu.externaltools.gnu-tools-for-stm32.12.3.rel1.win32_1.1.0.202410251130/tools/bin/../lib/gcc/arm-none-eabi/12.3.1/../../../../arm-none-eabi/lib/thumb/v6-m/nofp\libc_nano.a(libc_a-puts.o) (__swbuf_r)
[...]
Memory Configuration

Name             Origin             Length             Attributes
RAM              0x20000000         0x00001800         xrw
FLASH            0x08000000         0x00008000         xr
*default*        0x00000000         0xffffffff

Linker script and memory map

LOAD C:/ST/STM32CubeIDE_1.17.0/STM32CubeIDE/plugins/com.st.stm32cube.ide.mcu.externaltools.gnu-tools-for-stm32.12.3.rel1.win32_1.1.0.202410251130/tools/bin/../lib/gcc/arm-none-eabi/12.3.1/thumb/v6-m/nofp/crti.o
LOAD C:/ST/STM32CubeIDE_1.17.0/STM32CubeIDE/plugins/com.st.stm32cube.ide.mcu.externaltools.gnu-tools-for-stm32.12.3.rel1.win32_1.1.0.202410251130/tools/bin/../lib/gcc/arm-none-eabi/12.3.1/thumb/v6-m/nofp/crtbegin.o
LOAD C:/ST/STM32CubeIDE_1.17.0/STM32CubeIDE/plugins/com.st.stm32cube.ide.mcu.externaltools.gnu-tools-for-stm32.12.3.rel1.win32_1.1.0.202410251130/tools/bin/../lib/gcc/arm-none-eabi/12.3.1/../../../../arm-none-eabi/lib/thumb/v6-m/nofp/crt0.o
LOAD ./Core/Src/main.o
LOAD ./Core/Src/stm32f0xx_hal_msp.o
LOAD ./Core/Src/stm32f0xx_it.o
LOAD ./Core/Src/syscalls.o
LOAD ./Core/Src/sysmem.o
LOAD ./Core/Src/system_stm32f0xx.o
LOAD ./Core/Startup/startup_stm32f042k6tx.o
LOAD ./Core/User/Config/DEV_Config.o
LOAD ./Core/User/Config/Soft_IIC.o
LOAD ./Core/User/Example/ImageData.o
LOAD ./Core/User/Example/OLED_0in49_test.o
LOAD ./Core/User/Example/OLED_0in91_test.o
LOAD ./Core/User/Example/OLED_0in95_rgb_test.o
LOAD ./Core/User/Example/OLED_0in96_rgb_test.o
LOAD ./Core/User/Example/OLED_0in96_test.o
LOAD ./Core/User/Example/OLED_1in27_rgb_test.o
LOAD ./Core/User/Example/OLED_1in32_test.o
LOAD ./Core/User/Example/OLED_1in3_c_test.o
LOAD ./Core/User/Example/OLED_1in3_test.o
LOAD ./Core/User/Example/OLED_1in51_test.o
LOAD ./Core/User/Example/OLED_1in54_test.o
LOAD ./Core/User/Example/OLED_1in5_b_test.o
LOAD ./Core/User/Example/OLED_1in5_rgb_test.o
LOAD ./Core/User/Example/OLED_1in5_test.o
LOAD ./Core/User/Example/OLED_2in42_test.o
LOAD ./Core/User/Fonts/font12.o
LOAD ./Core/User/Fonts/font12CN.o
LOAD ./Core/User/Fonts/font16.o
LOAD ./Core/User/Fonts/font20.o
LOAD ./Core/User/Fonts/font24.o
LOAD ./Core/User/Fonts/font24CN.o
LOAD ./Core/User/Fonts/font8.o
LOAD ./Core/User/GUI/GUI_Paint.o
LOAD ./Core/User/OLED/OLED_0in49.o
LOAD ./Core/User/OLED/OLED_0in91.o
LOAD ./Core/User/OLED/OLED_0in95_rgb.o
LOAD ./Core/User/OLED/OLED_0in96.o
LOAD ./Core/User/OLED/OLED_0in96_rgb.o
LOAD ./Core/User/OLED/OLED_1in27_rgb.o
LOAD ./Core/User/OLED/OLED_1in3.o
LOAD ./Core/User/OLED/OLED_1in32.o
LOAD ./Core/User/OLED/OLED_1in3_c.o
LOAD ./Core/User/OLED/OLED_1in5.o
LOAD ./Core/User/OLED/OLED_1in51.o
LOAD ./Core/User/OLED/OLED_1in54.o
LOAD ./Core/User/OLED/OLED_1in5_b.o
LOAD ./Core/User/OLED/OLED_1in5_rgb.o
LOAD ./Core/User/OLED/OLED_2in42.o
LOAD ./Drivers/STM32F0xx_HAL_Driver/Src/stm32f0xx_hal.o
LOAD ./Drivers/STM32F0xx_HAL_Driver/Src/stm32f0xx_hal_cortex.o
LOAD ./Drivers/STM32F0xx_HAL_Driver/Src/stm32f0xx_hal_dma.o
LOAD ./Drivers/STM32F0xx_HAL_Driver/Src/stm32f0xx_hal_exti.o
LOAD ./Drivers/STM32F0xx_HAL_Driver/Src/stm32f0xx_hal_flash.o
LOAD ./Drivers/STM32F0xx_HAL_Driver/Src/stm32f0xx_hal_flash_ex.o
LOAD ./Drivers/STM32F0xx_HAL_Driver/Src/stm32f0xx_hal_gpio.o
LOAD ./Drivers/STM32F0xx_HAL_Driver/Src/stm32f0xx_hal_i2c.o
LOAD ./Drivers/STM32F0xx_HAL_Driver/Src/stm32f0xx_hal_i2c_ex.o
LOAD ./Drivers/STM32F0xx_HAL_Driver/Src/stm32f0xx_hal_pwr.o
LOAD ./Drivers/STM32F0xx_HAL_Driver/Src/stm32f0xx_hal_pwr_ex.o
LOAD ./Drivers/STM32F0xx_HAL_Driver/Src/stm32f0xx_hal_rcc.o
LOAD ./Drivers/STM32F0xx_HAL_Driver/Src/stm32f0xx_hal_rcc_ex.o
LOAD ./Drivers/STM32F0xx_HAL_Driver/Src/stm32f0xx_hal_smbus.o
LOAD ./Drivers/STM32F0xx_HAL_Driver/Src/stm32f0xx_hal_spi.o
LOAD ./Drivers/STM32F0xx_HAL_Driver/Src/stm32f0xx_hal_spi_ex.o
LOAD ./Drivers/STM32F0xx_HAL_Driver/Src/stm32f0xx_hal_uart.o
LOAD ./Drivers/STM32F0xx_HAL_Driver/Src/stm32f0xx_hal_uart_ex.o
START GROUP
LOAD C:/ST/STM32CubeIDE_1.17.0/STM32CubeIDE/plugins/com.st.stm32cube.ide.mcu.externaltools.gnu-tools-for-stm32.12.3.rel1.win32_1.1.0.202410251130/tools/bin/../lib/gcc/arm-none-eabi/12.3.1/../../../../arm-none-eabi/lib/thumb/v6-m/nofp\libc_nano.a
LOAD C:/ST/STM32CubeIDE_1.17.0/STM32CubeIDE/plugins/com.st.stm32cube.ide.mcu.externaltools.gnu-tools-for-stm32.12.3.rel1.win32_1.1.0.202410251130/tools/bin/../lib/gcc/arm-none-eabi/12.3.1/../../../../arm-none-eabi/lib/thumb/v6-m/nofp\libm.a
END GROUP
START GROUP
LOAD C:/ST/STM32CubeIDE_1.17.0/STM32CubeIDE/plugins/com.st.stm32cube.ide.mcu.externaltools.gnu-tools-for-stm32.12.3.rel1.win32_1.1.0.202410251130/tools/bin/../lib/gcc/arm-none-eabi/12.3.1/thumb/v6-m/nofp\libgcc.a
LOAD C:/ST/STM32CubeIDE_1.17.0/STM32CubeIDE/plugins/com.st.stm32cube.ide.mcu.externaltools.gnu-tools-for-stm32.12.3.rel1.win32_1.1.0.202410251130/tools/bin/../lib/gcc/arm-none-eabi/12.3.1/../../../../arm-none-eabi/lib/thumb/v6-m/nofp\libc_nano.a
END GROUP
START GROUP
LOAD C:/ST/STM32CubeIDE_1.17.0/STM32CubeIDE/plugins/com.st.stm32cube.ide.mcu.externaltools.gnu-tools-for-stm32.12.3.rel1.win32_1.1.0.202410251130/tools/bin/../lib/gcc/arm-none-eabi/12.3.1/thumb/v6-m/nofp\libgcc.a
LOAD C:/ST/STM32CubeIDE_1.17.0/STM32CubeIDE/plugins/com.st.stm32cube.ide.mcu.externaltools.gnu-tools-for-stm32.12.3.rel1.win32_1.1.0.202410251130/tools/bin/../lib/gcc/arm-none-eabi/12.3.1/../../../../arm-none-eabi/lib/thumb/v6-m/nofp\libc_nano.a
LOAD C:/ST/STM32CubeIDE_1.17.0/STM32CubeIDE/plugins/com.st.stm32cube.ide.mcu.externaltools.gnu-tools-for-stm32.12.3.rel1.win32_1.1.0.202410251130/tools/bin/../lib/gcc/arm-none-eabi/12.3.1/../../../../arm-none-eabi/lib/thumb/v6-m/nofp\libnosys.a
END GROUP
START GROUP
LOAD C:/ST/STM32CubeIDE_1.17.0/STM32CubeIDE/plugins/com.st.stm32cube.ide.mcu.externaltools.gnu-tools-for-stm32.12.3.rel1.win32_1.1.0.202410251130/tools/bin/../lib/gcc/arm-none-eabi/12.3.1/thumb/v6-m/nofp\libgcc.a
LOAD C:/ST/STM32CubeIDE_1.17.0/STM32CubeIDE/plugins/com.st.stm32cube.ide.mcu.externaltools.gnu-tools-for-stm32.12.3.rel1.win32_1.1.0.202410251130/tools/bin/../lib/gcc/arm-none-eabi/12.3.1/../../../../arm-none-eabi/lib/thumb/v6-m/nofp\libc_nano.a
LOAD C:/ST/STM32CubeIDE_1.17.0/STM32CubeIDE/plugins/com.st.stm32cube.ide.mcu.externaltools.gnu-tools-for-stm32.12.3.rel1.win32_1.1.0.202410251130/tools/bin/../lib/gcc/arm-none-eabi/12.3.1/../../../../arm-none-eabi/lib/thumb/v6-m/nofp\libnosys.a
END GROUP
LOAD C:/ST/STM32CubeIDE_1.17.0/STM32CubeIDE/plugins/com.st.stm32cube.ide.mcu.externaltools.gnu-tools-for-stm32.12.3.rel1.win32_1.1.0.202410251130/tools/bin/../lib/gcc/arm-none-eabi/12.3.1/thumb/v6-m/nofp/crtend.o
LOAD C:/ST/STM32CubeIDE_1.17.0/STM32CubeIDE/plugins/com.st.stm32cube.ide.mcu.externaltools.gnu-tools-for-stm32.12.3.rel1.win32_1.1.0.202410251130/tools/bin/../lib/gcc/arm-none-eabi/12.3.1/thumb/v6-m/nofp/crtn.o
                0x20001800                        _estack = (ORIGIN (RAM) + LENGTH (RAM))
                0x00000200                        _Min_Heap_Size = 0x200
                0x00000400                        _Min_Stack_Size = 0x400

.isr_vector     0x08000000       0xc0
                0x08000000                        . = ALIGN (0x4)
 *(.isr_vector)
 .isr_vector    0x08000000       0xc0 ./Core/Startup/startup_stm32f042k6tx.o
                0x08000000                g_pfnVectors
                0x080000c0                        . = ALIGN (0x4)

.text           0x080000c0     0x32d8
                0x080000c0                        . = ALIGN (0x4)
 *(.text)
 .text          0x080000c0       0x48 C:/ST/STM32CubeIDE_1.17.0/STM32CubeIDE/plugins/com.st.stm32cube.ide.mcu.externaltools.gnu-tools-for-stm32.12.3.rel1.win32_1.1.0.202410251130/tools/bin/../lib/gcc/arm-none-eabi/12.3.1/thumb/v6-m/nofp/crtbegin.o
 .text          0x08000108       0x14 C:/ST/STM32CubeIDE_1.17.0/STM32CubeIDE/plugins/com.st.stm32cube.ide.mcu.externaltools.gnu-tools-for-stm32.12.3.rel1.win32_1.1.0.202410251130/tools/bin/../lib/gcc/arm-none-eabi/12.3.1/thumb/v6-m/nofp\libgcc.a(_thumb1_case_uqi.o)
                0x08000108                __gnu_thumb1_case_uqi
 .text          0x0800011c       0x14 C:/ST/STM32CubeIDE_1.17.0/STM32CubeIDE/plugins/com.st.stm32cube.ide.mcu.externaltools.gnu-tools-for-stm32.12.3.rel1.win32_1.1.0.202410251130/tools/bin/../lib/gcc/arm-none-eabi/12.3.1/thumb/v6-m/nofp\libgcc.a(_thumb1_case_shi.o)
                0x0800011c                __gnu_thumb1_case_shi
 .text          0x08000130      0x114 C:/ST/STM32CubeIDE_1.17.0/STM32CubeIDE/plugins/com.st.stm32cube.ide.mcu.externaltools.gnu-tools-for-stm32.12.3.rel1.win32_1.1.0.202410251130/tools/bin/../lib/gcc/arm-none-eabi/12.3.1/thumb/v6-m/nofp\libgcc.a(_udivsi3.o)
                0x08000130                __aeabi_uidiv
                0x08000130                __udivsi3
                0x0800023c                __aeabi_uidivmod
 .text          0x08000244        0x4 C:/ST/STM32CubeIDE_1.17.0/STM32CubeIDE/plugins/com.st.stm32cube.ide.mcu.externaltools.gnu-tools-for-stm32.12.3.rel1.win32_1.1.0.202410251130/tools/bin/../lib/gcc/arm-none-eabi/12.3.1/thumb/v6-m/nofp\libgcc.a(_dvmd_tls.o)
                0x08000244                __aeabi_idiv0
                0x08000244                __aeabi_ldiv0
 *(.text*)
 .text.SystemClock_Config
                0x08000248       0x6c ./Core/Src/main.o
                0x08000248                SystemClock_Config
 .text.startup.main
                0x080002b4      0x148 ./Core/Src/main.o
                0x080002b4                main
 .text.HAL_MspInit
                0x080003fc       0x30 ./Core/Src/stm32f0xx_hal_msp.o
                0x080003fc                HAL_MspInit
 .text.HAL_SMBUS_MspInit
                0x0800042c       0x7c ./Core/Src/stm32f0xx_hal_msp.o
                0x0800042c                HAL_SMBUS_MspInit
 .text.HAL_SPI_MspInit
                0x080004a8       0x60 ./Core/Src/stm32f0xx_hal_msp.o
                0x080004a8                HAL_SPI_MspInit
 .text.HAL_UART_MspInit
                0x08000508       0x64 ./Core/Src/stm32f0xx_hal_msp.o
                0x08000508                HAL_UART_MspInit
 .text.NMI_Handler
                0x0800056c        0x2 ./Core/Src/stm32f0xx_it.o
                0x0800056c                NMI_Handler
 .text.HardFault_Handler
                0x0800056e        0x2 ./Core/Src/stm32f0xx_it.o
                0x0800056e                HardFault_Handler
 .text.SVC_Handler
                0x08000570        0x2 ./Core/Src/stm32f0xx_it.o
                0x08000570                SVC_Handler
 .text.PendSV_Handler
                0x08000572        0x2 ./Core/Src/stm32f0xx_it.o
                0x08000572                PendSV_Handler
 .text.SysTick_Handler
                0x08000574        0x8 ./Core/Src/stm32f0xx_it.o
                0x08000574                SysTick_Handler
 .text._read    0x0800057c       0x1a ./Core/Src/syscalls.o
                0x0800057c                _read
 .text._write   0x08000596       0x1a ./Core/Src/syscalls.o
                0x08000596                _write
 .text._close   0x080005b0        0x6 ./Core/Src/syscalls.o
                0x080005b0                _close
 .text._fstat   0x080005b6        0xa ./Core/Src/syscalls.o
                0x080005b6                _fstat
 .text._isatty  0x080005c0        0x4 ./Core/Src/syscalls.o
                0x080005c0                _isatty
 .text._lseek   0x080005c4        0x4 ./Core/Src/syscalls.o
                0x080005c4                _lseek
 .text._sbrk    0x080005c8       0x40 ./Core/Src/sysmem.o
                0x080005c8                _sbrk
 .text.SystemInit
                0x08000608        0x2 ./Core/Src/system_stm32f0xx.o
                0x08000608                SystemInit
 *fill*         0x0800060a        0x2 
 .text.Reset_Handler
                0x0800060c       0x80 ./Core/Startup/startup_stm32f042k6tx.o
                0x0800060c                Reset_Handler
 .text.Default_Handler
                0x0800068c        0x2 ./Core/Startup/startup_stm32f042k6tx.o
                0x0800068c                TIM1_CC_IRQHandler
                0x0800068c                TSC_IRQHandler
                0x0800068c                I2C1_IRQHandler
                0x0800068c                RCC_CRS_IRQHandler
                0x0800068c                SPI1_IRQHandler
                0x0800068c                EXTI2_3_IRQHandler
                0x0800068c                ADC1_IRQHandler
                0x0800068c                TIM17_IRQHandler
                0x0800068c                CEC_CAN_IRQHandler
                0x0800068c                RTC_IRQHandler
                0x0800068c                PVD_VDDIO2_IRQHandler
                0x0800068c                TIM16_IRQHandler
                0x0800068c                TIM3_IRQHandler
                0x0800068c                EXTI4_15_IRQHandler
                0x0800068c                DMA1_Channel1_IRQHandler
                0x0800068c                Default_Handler
                0x0800068c                TIM14_IRQHandler
                0x0800068c                DMA1_Channel4_5_IRQHandler
                0x0800068c                EXTI0_1_IRQHandler
                0x0800068c                USB_IRQHandler
                0x0800068c                SPI2_IRQHandler
                0x0800068c                WWDG_IRQHandler
                0x0800068c                TIM2_IRQHandler
                0x0800068c                DMA1_Channel2_3_IRQHandler
                0x0800068c                USART2_IRQHandler
                0x0800068c                FLASH_IRQHandler
                0x0800068c                USART1_IRQHandler
                0x0800068c                TIM1_BRK_UP_TRG_COM_IRQHandler
 *fill*         0x0800068e        0x2 
 .text.System_Init
                0x08000690       0x10 ./Core/User/Config/DEV_Config.o
                0x08000690                System_Init
 .text.SPI4W_Write_Byte
                0x080006a0       0x48 ./Core/User/Config/DEV_Config.o
                0x080006a0                SPI4W_Write_Byte
 .text.Driver_Delay_ms
                0x080006e8        0x8 ./Core/User/Config/DEV_Config.o
                0x080006e8                Driver_Delay_ms
 .text.OLED_1in51_test
                0x080006f0      0x204 ./Core/User/Example/OLED_1in51_test.o
                0x080006f0                OLED_1in51_test
 .text.Paint_NewImage
                0x080008f4       0x48 ./Core/User/GUI/GUI_Paint.o
                0x080008f4                Paint_NewImage
 .text.Paint_SelectImage
                0x0800093c        0xc ./Core/User/GUI/GUI_Paint.o
                0x0800093c                Paint_SelectImage
 .text.Paint_SetPixel
                0x08000948      0x138 ./Core/User/GUI/GUI_Paint.o
                0x08000948                Paint_SetPixel
 .text.Paint_Clear
                0x08000a80       0xa4 ./Core/User/GUI/GUI_Paint.o
                0x08000a80                Paint_Clear
 .text.Paint_DrawPoint
                0x08000b24       0xd0 ./Core/User/GUI/GUI_Paint.o
                0x08000b24                Paint_DrawPoint
 .text.Paint_DrawLine
                0x08000bf4      0x114 ./Core/User/GUI/GUI_Paint.o
                0x08000bf4                Paint_DrawLine
 .text.Paint_DrawRectangle
                0x08000d08       0xbc ./Core/User/GUI/GUI_Paint.o
                0x08000d08                Paint_DrawRectangle
 .text.Paint_DrawCircle
                0x08000dc4      0x25c ./Core/User/GUI/GUI_Paint.o
                0x08000dc4                Paint_DrawCircle
 .text.Paint_DrawChar
                0x08001020       0xb0 ./Core/User/GUI/GUI_Paint.o
                0x08001020                Paint_DrawChar
 .text.Paint_DrawString_EN
                0x080010d0       0x88 ./Core/User/GUI/GUI_Paint.o
                0x080010d0                Paint_DrawString_EN
 .text.Paint_DrawString_CN
                0x08001158      0x12c ./Core/User/GUI/GUI_Paint.o
                0x08001158                Paint_DrawString_CN
 .text.OLED_1in51_WriteReg
                0x08001284       0x30 ./Core/User/OLED/OLED_1in51.o
 .text.OLED_1in51_WriteData
                0x080012b4       0x30 ./Core/User/OLED/OLED_1in51.o
 .text.OLED_1IN51_Init
                0x080012e4       0xb8 ./Core/User/OLED/OLED_1in51.o
                0x080012e4                OLED_1IN51_Init
 .text.OLED_1IN51_Display
                0x0800139c       0x3a ./Core/User/OLED/OLED_1in51.o
                0x0800139c                OLED_1IN51_Display
 *fill*         0x080013d6        0x2 
 .text.HAL_InitTick
                0x080013d8       0x48 ./Drivers/STM32F0xx_HAL_Driver/Src/stm32f0xx_hal.o
                0x080013d8                HAL_InitTick
 .text.HAL_Init
                0x08001420       0x20 ./Drivers/STM32F0xx_HAL_Driver/Src/stm32f0xx_hal.o
                0x08001420                HAL_Init
 .text.HAL_IncTick
                0x08001440       0x18 ./Drivers/STM32F0xx_HAL_Driver/Src/stm32f0xx_hal.o
                0x08001440                HAL_IncTick
 .text.HAL_GetTick
                0x08001458        0xc ./Drivers/STM32F0xx_HAL_Driver/Src/stm32f0xx_hal.o
                0x08001458                HAL_GetTick
 .text.HAL_Delay
                0x08001464       0x24 ./Drivers/STM32F0xx_HAL_Driver/Src/stm32f0xx_hal.o
                0x08001464                HAL_Delay
 .text.HAL_NVIC_SetPriority
                0x08001488       0x54 ./Drivers/STM32F0xx_HAL_Driver/Src/stm32f0xx_hal_cortex.o
                0x08001488                HAL_NVIC_SetPriority
 .text.HAL_SYSTICK_Config
                0x080014dc       0x34 ./Drivers/STM32F0xx_HAL_Driver/Src/stm32f0xx_hal_cortex.o
                0x080014dc                HAL_SYSTICK_Config
 .text.HAL_GPIO_Init
                0x08001510      0x164 ./Drivers/STM32F0xx_HAL_Driver/Src/stm32f0xx_hal_gpio.o
                0x08001510                HAL_GPIO_Init
 .text.HAL_GPIO_WritePin
                0x08001674        0xc ./Drivers/STM32F0xx_HAL_Driver/Src/stm32f0xx_hal_gpio.o
                0x08001674                HAL_GPIO_WritePin
 .text.HAL_RCC_OscConfig
                0x08001680      0x4a0 ./Drivers/STM32F0xx_HAL_Driver/Src/stm32f0xx_hal_rcc.o
                0x08001680                HAL_RCC_OscConfig
 .text.HAL_RCC_GetSysClockFreq
                0x08001b20       0x6c ./Drivers/STM32F0xx_HAL_Driver/Src/stm32f0xx_hal_rcc.o
                0x08001b20                HAL_RCC_GetSysClockFreq
 .text.HAL_RCC_ClockConfig
                0x08001b8c      0x114 ./Drivers/STM32F0xx_HAL_Driver/Src/stm32f0xx_hal_rcc.o
                0x08001b8c                HAL_RCC_ClockConfig
 .text.HAL_RCC_GetPCLK1Freq
                0x08001ca0       0x20 ./Drivers/STM32F0xx_HAL_Driver/Src/stm32f0xx_hal_rcc.o
                0x08001ca0                HAL_RCC_GetPCLK1Freq
 .text.HAL_RCCEx_PeriphCLKConfig
                0x08001cc0      0x130 ./Drivers/STM32F0xx_HAL_Driver/Src/stm32f0xx_hal_rcc_ex.o
                0x08001cc0                HAL_RCCEx_PeriphCLKConfig
 .text.HAL_SMBUS_Init
                0x08001df0       0xd8 ./Drivers/STM32F0xx_HAL_Driver/Src/stm32f0xx_hal_smbus.o
                0x08001df0                HAL_SMBUS_Init
 .text.HAL_SMBUS_EnableAlert_IT
                0x08001ec8       0x1e ./Drivers/STM32F0xx_HAL_Driver/Src/stm32f0xx_hal_smbus.o
                0x08001ec8                HAL_SMBUS_EnableAlert_IT
 *fill*         0x08001ee6        0x2 
 .text.HAL_SPI_Init
                0x08001ee8       0xf0 ./Drivers/STM32F0xx_HAL_Driver/Src/stm32f0xx_hal_spi.o
                0x08001ee8                HAL_SPI_Init
 .text.UART_EndRxTransfer
                0x08001fd8       0x5c ./Drivers/STM32F0xx_HAL_Driver/Src/stm32f0xx_hal_uart.o
 .text.UART_SetConfig
                0x08002034      0x130 ./Drivers/STM32F0xx_HAL_Driver/Src/stm32f0xx_hal_uart.o
                0x08002034                UART_SetConfig
 .text.UART_AdvFeatureConfig
                0x08002164       0xd0 ./Drivers/STM32F0xx_HAL_Driver/Src/stm32f0xx_hal_uart.o
                0x08002164                UART_AdvFeatureConfig
 .text.UART_WaitOnFlagUntilTimeout
                0x08002234       0x90 ./Drivers/STM32F0xx_HAL_Driver/Src/stm32f0xx_hal_uart.o
                0x08002234                UART_WaitOnFlagUntilTimeout
 .text.UART_CheckIdleState
                0x080022c4       0xc0 ./Drivers/STM32F0xx_HAL_Driver/Src/stm32f0xx_hal_uart.o
                0x080022c4                UART_CheckIdleState
 .text.HAL_UART_Init
                0x08002384       0x64 ./Drivers/STM32F0xx_HAL_Driver/Src/stm32f0xx_hal_uart.o
                0x08002384                HAL_UART_Init
 .text.malloc   0x080023e8       0x14 C:/ST/STM32CubeIDE_1.17.0/STM32CubeIDE/plugins/com.st.stm32cube.ide.mcu.externaltools.gnu-tools-for-stm32.12.3.rel1.win32_1.1.0.202410251130/tools/bin/../lib/gcc/arm-none-eabi/12.3.1/../../../../arm-none-eabi/lib/thumb/v6-m/nofp\libc_nano.a(libc_a-malloc.o)
                0x080023e8                malloc
 .text.sbrk_aligned
                0x080023fc       0x44 C:/ST/STM32CubeIDE_1.17.0/STM32CubeIDE/plugins/com.st.stm32cube.ide.mcu.externaltools.gnu-tools-for-stm32.12.3.rel1.win32_1.1.0.202410251130/tools/bin/../lib/gcc/arm-none-eabi/12.3.1/../../../../arm-none-eabi/lib/thumb/v6-m/nofp\libc_nano.a(libc_a-mallocr.o)
 .text._malloc_r
                0x08002440      0x100 C:/ST/STM32CubeIDE_1.17.0/STM32CubeIDE/plugins/com.st.stm32cube.ide.mcu.externaltools.gnu-tools-for-stm32.12.3.rel1.win32_1.1.0.202410251130/tools/bin/../lib/gcc/arm-none-eabi/12.3.1/../../../../arm-none-eabi/lib/thumb/v6-m/nofp\libc_nano.a(libc_a-mallocr.o)
                0x08002440                _malloc_r
 .text.__malloc_lock
                0x08002540       0x10 C:/ST/STM32CubeIDE_1.17.0/STM32CubeIDE/plugins/com.st.stm32cube.ide.mcu.externaltools.gnu-tools-for-stm32.12.3.rel1.win32_1.1.0.202410251130/tools/bin/../lib/gcc/arm-none-eabi/12.3.1/../../../../arm-none-eabi/lib/thumb/v6-m/nofp\libc_nano.a(libc_a-mlock.o)
                0x08002540                __malloc_lock
 .text.__malloc_unlock
                0x08002550       0x10 C:/ST/STM32CubeIDE_1.17.0/STM32CubeIDE/plugins/com.st.stm32cube.ide.mcu.externaltools.gnu-tools-for-stm32.12.3.rel1.win32_1.1.0.202410251130/tools/bin/../lib/gcc/arm-none-eabi/12.3.1/../../../../arm-none-eabi/lib/thumb/v6-m/nofp\libc_nano.a(libc_a-mlock.o)
                0x08002550                __malloc_unlock
 .text.std      0x08002560       0x6c C:/ST/STM32CubeIDE_1.17.0/STM32CubeIDE/plugins/com.st.stm32cube.ide.mcu.externaltools.gnu-tools-for-stm32.12.3.rel1.win32_1.1.0.202410251130/tools/bin/../lib/gcc/arm-none-eabi/12.3.1/../../../../arm-none-eabi/lib/thumb/v6-m/nofp\libc_nano.a(libc_a-findfp.o)
 .text.stdio_exit_handler
                0x080025cc       0x1c C:/ST/STM32CubeIDE_1.17.0/STM32CubeIDE/plugins/com.st.stm32cube.ide.mcu.externaltools.gnu-tools-for-stm32.12.3.rel1.win32_1.1.0.202410251130/tools/bin/../lib/gcc/arm-none-eabi/12.3.1/../../../../arm-none-eabi/lib/thumb/v6-m/nofp\libc_nano.a(libc_a-findfp.o)
 .text.cleanup_stdio
                0x080025e8       0x3c C:/ST/STM32CubeIDE_1.17.0/STM32CubeIDE/plugins/com.st.stm32cube.ide.mcu.externaltools.gnu-tools-for-stm32.12.3.rel1.win32_1.1.0.202410251130/tools/bin/../lib/gcc/arm-none-eabi/12.3.1/../../../../arm-none-eabi/lib/thumb/v6-m/nofp\libc_nano.a(libc_a-findfp.o)
 .text.global_stdio_init.part.0
                0x08002624       0x3c C:/ST/STM32CubeIDE_1.17.0/STM32CubeIDE/plugins/com.st.stm32cube.ide.mcu.externaltools.gnu-tools-for-stm32.12.3.rel1.win32_1.1.0.202410251130/tools/bin/../lib/gcc/arm-none-eabi/12.3.1/../../../../arm-none-eabi/lib/thumb/v6-m/nofp\libc_nano.a(libc_a-findfp.o)
 .text.__sfp_lock_acquire
                0x08002660       0x10 C:/ST/STM32CubeIDE_1.17.0/STM32CubeIDE/plugins/com.st.stm32cube.ide.mcu.externaltools.gnu-tools-for-stm32.12.3.rel1.win32_1.1.0.202410251130/tools/bin/../lib/gcc/arm-none-eabi/12.3.1/../../../../arm-none-eabi/lib/thumb/v6-m/nofp\libc_nano.a(libc_a-findfp.o)
                0x08002660                __sfp_lock_acquire
 .text.__sfp_lock_release
                0x08002670       0x10 C:/ST/STM32CubeIDE_1.17.0/STM32CubeIDE/plugins/com.st.stm32cube.ide.mcu.externaltools.gnu-tools-for-stm32.12.3.rel1.win32_1.1.0.202410251130/tools/bin/../lib/gcc/arm-none-eabi/12.3.1/../../../../arm-none-eabi/lib/thumb/v6-m/nofp\libc_nano.a(libc_a-findfp.o)
                0x08002670                __sfp_lock_release
 .text.__sinit  0x08002680       0x30 C:/ST/STM32CubeIDE_1.17.0/STM32CubeIDE/plugins/com.st.stm32cube.ide.mcu.externaltools.gnu-tools-for-stm32.12.3.rel1.win32_1.1.0.202410251130/tools/bin/../lib/gcc/arm-none-eabi/12.3.1/../../../../arm-none-eabi/lib/thumb/v6-m/nofp\libc_nano.a(libc_a-findfp.o)
                0x08002680                __sinit
 .text._fwalk_sglue
                0x080026b0       0x38 C:/ST/STM32CubeIDE_1.17.0/STM32CubeIDE/plugins/com.st.stm32cube.ide.mcu.externaltools.gnu-tools-for-stm32.12.3.rel1.win32_1.1.0.202410251130/tools/bin/../lib/gcc/arm-none-eabi/12.3.1/../../../../arm-none-eabi/lib/thumb/v6-m/nofp\libc_nano.a(libc_a-fwalk.o)
                0x080026b0                _fwalk_sglue
 .text.printf   0x080026e8       0x20 C:/ST/STM32CubeIDE_1.17.0/STM32CubeIDE/plugins/com.st.stm32cube.ide.mcu.externaltools.gnu-tools-for-stm32.12.3.rel1.win32_1.1.0.202410251130/tools/bin/../lib/gcc/arm-none-eabi/12.3.1/../../../../arm-none-eabi/lib/thumb/v6-m/nofp\libc_nano.a(libc_a-printf.o)
                0x080026e8                iprintf
                0x080026e8                printf
 .text._puts_r  0x08002708       0xac C:/ST/STM32CubeIDE_1.17.0/STM32CubeIDE/plugins/com.st.stm32cube.ide.mcu.externaltools.gnu-tools-for-stm32.12.3.rel1.win32_1.1.0.202410251130/tools/bin/../lib/gcc/arm-none-eabi/12.3.1/../../../../arm-none-eabi/lib/thumb/v6-m/nofp\libc_nano.a(libc_a-puts.o)
                0x08002708                _puts_r
 .text.puts     0x080027b4       0x14 C:/ST/STM32CubeIDE_1.17.0/STM32CubeIDE/plugins/com.st.stm32cube.ide.mcu.externaltools.gnu-tools-for-stm32.12.3.rel1.win32_1.1.0.202410251130/tools/bin/../lib/gcc/arm-none-eabi/12.3.1/../../../../arm-none-eabi/lib/thumb/v6-m/nofp\libc_nano.a(libc_a-puts.o)
                0x080027b4                puts
 .text.__sread  0x080027c8       0x28 C:/ST/STM32CubeIDE_1.17.0/STM32CubeIDE/plugins/com.st.stm32cube.ide.mcu.externaltools.gnu-tools-for-stm32.12.3.rel1.win32_1.1.0.202410251130/tools/bin/../lib/gcc/arm-none-eabi/12.3.1/../../../../arm-none-eabi/lib/thumb/v6-m/nofp\libc_nano.a(libc_a-stdio.o)
                0x080027c8                __sread
 .text.__swrite
                0x080027f0       0x38 C:/ST/STM32CubeIDE_1.17.0/STM32CubeIDE/plugins/com.st.stm32cube.ide.mcu.externaltools.gnu-tools-for-stm32.12.3.rel1.win32_1.1.0.202410251130/tools/bin/../lib/gcc/arm-none-eabi/12.3.1/../../../../arm-none-eabi/lib/thumb/v6-m/nofp\libc_nano.a(libc_a-stdio.o)
                0x080027f0                __swrite
 .text.__sseek  0x08002828       0x2c C:/ST/STM32CubeIDE_1.17.0/STM32CubeIDE/plugins/com.st.stm32cube.ide.mcu.externaltools.gnu-tools-for-stm32.12.3.rel1.win32_1.1.0.202410251130/tools/bin/../lib/gcc/arm-none-eabi/12.3.1/../../../../arm-none-eabi/lib/thumb/v6-m/nofp\libc_nano.a(libc_a-stdio.o)
                0x08002828                __sseek
 .text.__sclose
                0x08002854        0xc C:/ST/STM32CubeIDE_1.17.0/STM32CubeIDE/plugins/com.st.stm32cube.ide.mcu.externaltools.gnu-tools-for-stm32.12.3.rel1.win32_1.1.0.202410251130/tools/bin/../lib/gcc/arm-none-eabi/12.3.1/../../../../arm-none-eabi/lib/thumb/v6-m/nofp\libc_nano.a(libc_a-stdio.o)
                0x08002854                __sclose
 .text.__swbuf_r
                0x08002860       0x84 C:/ST/STM32CubeIDE_1.17.0/STM32CubeIDE/plugins/com.st.stm32cube.ide.mcu.externaltools.gnu-tools-for-stm32.12.3.rel1.win32_1.1.0.202410251130/tools/bin/../lib/gcc/arm-none-eabi/12.3.1/../../../../arm-none-eabi/lib/thumb/v6-m/nofp\libc_nano.a(libc_a-wbuf.o)
                0x08002860                __swbuf_r
 .text.__swsetup_r
                0x080028e4       0xbc C:/ST/STM32CubeIDE_1.17.0/STM32CubeIDE/plugins/com.st.stm32cube.ide.mcu.externaltools.gnu-tools-for-stm32.12.3.rel1.win32_1.1.0.202410251130/tools/bin/../lib/gcc/arm-none-eabi/12.3.1/../../../../arm-none-eabi/lib/thumb/v6-m/nofp\libc_nano.a(libc_a-wsetup.o)
                0x080028e4                __swsetup_r
 .text.memset   0x080029a0       0x10 C:/ST/STM32CubeIDE_1.17.0/STM32CubeIDE/plugins/com.st.stm32cube.ide.mcu.externaltools.gnu-tools-for-stm32.12.3.rel1.win32_1.1.0.202410251130/tools/bin/../lib/gcc/arm-none-eabi/12.3.1/../../../../arm-none-eabi/lib/thumb/v6-m/nofp\libc_nano.a(libc_a-memset.o)
                0x080029a0                memset
 .text._close_r
                0x080029b0       0x24 C:/ST/STM32CubeIDE_1.17.0/STM32CubeIDE/plugins/com.st.stm32cube.ide.mcu.externaltools.gnu-tools-for-stm32.12.3.rel1.win32_1.1.0.202410251130/tools/bin/../lib/gcc/arm-none-eabi/12.3.1/../../../../arm-none-eabi/lib/thumb/v6-m/nofp\libc_nano.a(libc_a-closer.o)
                0x080029b0                _close_r
 .text._lseek_r
                0x080029d4       0x28 C:/ST/STM32CubeIDE_1.17.0/STM32CubeIDE/plugins/com.st.stm32cube.ide.mcu.externaltools.gnu-tools-for-stm32.12.3.rel1.win32_1.1.0.202410251130/tools/bin/../lib/gcc/arm-none-eabi/12.3.1/../../../../arm-none-eabi/lib/thumb/v6-m/nofp\libc_nano.a(libc_a-lseekr.o)
                0x080029d4                _lseek_r
 .text._read_r  0x080029fc       0x28 C:/ST/STM32CubeIDE_1.17.0/STM32CubeIDE/plugins/com.st.stm32cube.ide.mcu.externaltools.gnu-tools-for-stm32.12.3.rel1.win32_1.1.0.202410251130/tools/bin/../lib/gcc/arm-none-eabi/12.3.1/../../../../arm-none-eabi/lib/thumb/v6-m/nofp\libc_nano.a(libc_a-readr.o)
                0x080029fc                _read_r
 .text._sbrk_r  0x08002a24       0x24 C:/ST/STM32CubeIDE_1.17.0/STM32CubeIDE/plugins/com.st.stm32cube.ide.mcu.externaltools.gnu-tools-for-stm32.12.3.rel1.win32_1.1.0.202410251130/tools/bin/../lib/gcc/arm-none-eabi/12.3.1/../../../../arm-none-eabi/lib/thumb/v6-m/nofp\libc_nano.a(libc_a-sbrkr.o)
                0x08002a24                _sbrk_r
 .text._write_r
                0x08002a48       0x28 C:/ST/STM32CubeIDE_1.17.0/STM32CubeIDE/plugins/com.st.stm32cube.ide.mcu.externaltools.gnu-tools-for-stm32.12.3.rel1.win32_1.1.0.202410251130/tools/bin/../lib/gcc/arm-none-eabi/12.3.1/../../../../arm-none-eabi/lib/thumb/v6-m/nofp\libc_nano.a(libc_a-writer.o)
                0x08002a48                _write_r
 .text.__errno  0x08002a70        0xc C:/ST/STM32CubeIDE_1.17.0/STM32CubeIDE/plugins/com.st.stm32cube.ide.mcu.externaltools.gnu-tools-for-stm32.12.3.rel1.win32_1.1.0.202410251130/tools/bin/../lib/gcc/arm-none-eabi/12.3.1/../../../../arm-none-eabi/lib/thumb/v6-m/nofp\libc_nano.a(libc_a-errno.o)
                0x08002a70                __errno
 .text.__libc_init_array
                0x08002a7c       0x48 C:/ST/STM32CubeIDE_1.17.0/STM32CubeIDE/plugins/com.st.stm32cube.ide.mcu.externaltools.gnu-tools-for-stm32.12.3.rel1.win32_1.1.0.202410251130/tools/bin/../lib/gcc/arm-none-eabi/12.3.1/../../../../arm-none-eabi/lib/thumb/v6-m/nofp\libc_nano.a(libc_a-init.o)
                0x08002a7c                __libc_init_array
 .text.__retarget_lock_init_recursive
                0x08002ac4        0x2 C:/ST/STM32CubeIDE_1.17.0/STM32CubeIDE/plugins/com.st.stm32cube.ide.mcu.externaltools.gnu-tools-for-stm32.12.3.rel1.win32_1.1.0.202410251130/tools/bin/../lib/gcc/arm-none-eabi/12.3.1/../../../../arm-none-eabi/lib/thumb/v6-m/nofp\libc_nano.a(libc_a-lock.o)
                0x08002ac4                __retarget_lock_init_recursive
 .text.__retarget_lock_acquire_recursive
                0x08002ac6        0x2 C:/ST/STM32CubeIDE_1.17.0/STM32CubeIDE/plugins/com.st.stm32cube.ide.mcu.externaltools.gnu-tools-for-stm32.12.3.rel1.win32_1.1.0.202410251130/tools/bin/../lib/gcc/arm-none-eabi/12.3.1/../../../../arm-none-eabi/lib/thumb/v6-m/nofp\libc_nano.a(libc_a-lock.o)
                0x08002ac6                __retarget_lock_acquire_recursive
 .text.__retarget_lock_release_recursive
                0x08002ac8        0x2 C:/ST/STM32CubeIDE_1.17.0/STM32CubeIDE/plugins/com.st.stm32cube.ide.mcu.externaltools.gnu-tools-for-stm32.12.3.rel1.win32_1.1.0.202410251130/tools/bin/../lib/gcc/arm-none-eabi/12.3.1/../../../../arm-none-eabi/lib/thumb/v6-m/nofp\libc_nano.a(libc_a-lock.o)
                0x08002ac8                __retarget_lock_release_recursive
 *fill*         0x08002aca        0x2 
 .text._free_r  0x08002acc       0x94 C:/ST/STM32CubeIDE_1.17.0/STM32CubeIDE/plugins/com.st.stm32cube.ide.mcu.externaltools.gnu-tools-for-stm32.12.3.rel1.win32_1.1.0.202410251130/tools/bin/../lib/gcc/arm-none-eabi/12.3.1/../../../../arm-none-eabi/lib/thumb/v6-m/nofp\libc_nano.a(libc_a-freer.o)
                0x08002acc                _free_r
 .text.__sfputc_r
                0x08002b60       0x2a C:/ST/STM32CubeIDE_1.17.0/STM32CubeIDE/plugins/com.st.stm32cube.ide.mcu.externaltools.gnu-tools-for-stm32.12.3.rel1.win32_1.1.0.202410251130/tools/bin/../lib/gcc/arm-none-eabi/12.3.1/../../../../arm-none-eabi/lib/thumb/v6-m/nofp\libc_nano.a(libc_a-nano-vfprintf.o)
 .text.__sfputs_r
                0x08002b8a       0x24 C:/ST/STM32CubeIDE_1.17.0/STM32CubeIDE/plugins/com.st.stm32cube.ide.mcu.externaltools.gnu-tools-for-stm32.12.3.rel1.win32_1.1.0.202410251130/tools/bin/../lib/gcc/arm-none-eabi/12.3.1/../../../../arm-none-eabi/lib/thumb/v6-m/nofp\libc_nano.a(libc_a-nano-vfprintf.o)
                0x08002b8a                __sfputs_r
 *fill*         0x08002bae        0x2 
 .text._vfprintf_r
                0x08002bb0      0x238 C:/ST/STM32CubeIDE_1.17.0/STM32CubeIDE/plugins/com.st.stm32cube.ide.mcu.externaltools.gnu-tools-for-stm32.12.3.rel1.win32_1.1.0.202410251130/tools/bin/../lib/gcc/arm-none-eabi/12.3.1/../../../../arm-none-eabi/lib/thumb/v6-m/nofp\libc_nano.a(libc_a-nano-vfprintf.o)
                0x08002bb0                _vfprintf_r
                0x08002bb0                _vfiprintf_r
 .text._printf_common
                0x08002de8       0xde C:/ST/STM32CubeIDE_1.17.0/STM32CubeIDE/plugins/com.st.stm32cube.ide.mcu.externaltools.gnu-tools-for-stm32.12.3.rel1.win32_1.1.0.202410251130/tools/bin/../lib/gcc/arm-none-eabi/12.3.1/../../../../arm-none-eabi/lib/thumb/v6-m/nofp\libc_nano.a(libc_a-nano-vfprintf_i.o)
                0x08002de8                _printf_common
 *fill*         0x08002ec6        0x2 
 .text._printf_i
                0x08002ec8      0x21c C:/ST/STM32CubeIDE_1.17.0/STM32CubeIDE/plugins/com.st.stm32cube.ide.mcu.externaltools.gnu-tools-for-stm32.12.3.rel1.win32_1.1.0.202410251130/tools/bin/../lib/gcc/arm-none-eabi/12.3.1/../../../../arm-none-eabi/lib/thumb/v6-m/nofp\libc_nano.a(libc_a-nano-vfprintf_i.o)
                0x08002ec8                _printf_i
 .text.__sflush_r
                0x080030e4      0x10c C:/ST/STM32CubeIDE_1.17.0/STM32CubeIDE/plugins/com.st.stm32cube.ide.mcu.externaltools.gnu-tools-for-stm32.12.3.rel1.win32_1.1.0.202410251130/tools/bin/../lib/gcc/arm-none-eabi/12.3.1/../../../../arm-none-eabi/lib/thumb/v6-m/nofp\libc_nano.a(libc_a-fflush.o)
                0x080030e4                __sflush_r
 .text._fflush_r
                0x080031f0       0x56 C:/ST/STM32CubeIDE_1.17.0/STM32CubeIDE/plugins/com.st.stm32cube.ide.mcu.externaltools.gnu-tools-for-stm32.12.3.rel1.win32_1.1.0.202410251130/tools/bin/../lib/gcc/arm-none-eabi/12.3.1/../../../../arm-none-eabi/lib/thumb/v6-m/nofp\libc_nano.a(libc_a-fflush.o)
                0x080031f0                _fflush_r
 *fill*         0x08003246        0x2 
 .text.__swhatbuf_r
                0x08003248       0x54 C:/ST/STM32CubeIDE_1.17.0/STM32CubeIDE/plugins/com.st.stm32cube.ide.mcu.externaltools.gnu-tools-for-stm32.12.3.rel1.win32_1.1.0.202410251130/tools/bin/../lib/gcc/arm-none-eabi/12.3.1/../../../../arm-none-eabi/lib/thumb/v6-m/nofp\libc_nano.a(libc_a-makebuf.o)
                0x08003248                __swhatbuf_r
 .text.__smakebuf_r
                0x0800329c       0x82 C:/ST/STM32CubeIDE_1.17.0/STM32CubeIDE/plugins/com.st.stm32cube.ide.mcu.externaltools.gnu-tools-for-stm32.12.3.rel1.win32_1.1.0.202410251130/tools/bin/../lib/gcc/arm-none-eabi/12.3.1/../../../../arm-none-eabi/lib/thumb/v6-m/nofp\libc_nano.a(libc_a-makebuf.o)
                0x0800329c                __smakebuf_r
 *fill*         0x0800331e        0x2 
 .text._fstat_r
                0x08003320       0x24 C:/ST/STM32CubeIDE_1.17.0/STM32CubeIDE/plugins/com.st.stm32cube.ide.mcu.externaltools.gnu-tools-for-stm32.12.3.rel1.win32_1.1.0.202410251130/tools/bin/../lib/gcc/arm-none-eabi/12.3.1/../../../../arm-none-eabi/lib/thumb/v6-m/nofp\libc_nano.a(libc_a-fstatr.o)
                0x08003320                _fstat_r
 .text._isatty_r
                0x08003344       0x24 C:/ST/STM32CubeIDE_1.17.0/STM32CubeIDE/plugins/com.st.stm32cube.ide.mcu.externaltools.gnu-tools-for-stm32.12.3.rel1.win32_1.1.0.202410251130/tools/bin/../lib/gcc/arm-none-eabi/12.3.1/../../../../arm-none-eabi/lib/thumb/v6-m/nofp\libc_nano.a(libc_a-isattyr.o)
                0x08003344                _isatty_r
 .text.memchr   0x08003368       0x16 C:/ST/STM32CubeIDE_1.17.0/STM32CubeIDE/plugins/com.st.stm32cube.ide.mcu.externaltools.gnu-tools-for-stm32.12.3.rel1.win32_1.1.0.202410251130/tools/bin/../lib/gcc/arm-none-eabi/12.3.1/../../../../arm-none-eabi/lib/thumb/v6-m/nofp\libc_nano.a(libc_a-memchr-stub.o)
                0x08003368                memchr
 *(.glue_7)
 .glue_7        0x0800337e        0x0 linker stubs
 *(.glue_7t)
 .glue_7t       0x0800337e        0x0 linker stubs
 *(.eh_frame)
 *fill*         0x0800337e        0x2 
 .eh_frame      0x08003380        0x0 C:/ST/STM32CubeIDE_1.17.0/STM32CubeIDE/plugins/com.st.stm32cube.ide.mcu.externaltools.gnu-tools-for-stm32.12.3.rel1.win32_1.1.0.202410251130/tools/bin/../lib/gcc/arm-none-eabi/12.3.1/thumb/v6-m/nofp/crtbegin.o
 *(.init)
 .init          0x08003380        0x4 C:/ST/STM32CubeIDE_1.17.0/STM32CubeIDE/plugins/com.st.stm32cube.ide.mcu.externaltools.gnu-tools-for-stm32.12.3.rel1.win32_1.1.0.202410251130/tools/bin/../lib/gcc/arm-none-eabi/12.3.1/thumb/v6-m/nofp/crti.o
                0x08003380                _init
 .init          0x08003384        0x8 C:/ST/STM32CubeIDE_1.17.0/STM32CubeIDE/plugins/com.st.stm32cube.ide.mcu.externaltools.gnu-tools-for-stm32.12.3.rel1.win32_1.1.0.202410251130/tools/bin/../lib/gcc/arm-none-eabi/12.3.1/thumb/v6-m/nofp/crtn.o
 *(.fini)
 .fini          0x0800338c        0x4 C:/ST/STM32CubeIDE_1.17.0/STM32CubeIDE/plugins/com.st.stm32cube.ide.mcu.externaltools.gnu-tools-for-stm32.12.3.rel1.win32_1.1.0.202410251130/tools/bin/../lib/gcc/arm-none-eabi/12.3.1/thumb/v6-m/nofp/crti.o
                0x0800338c                _fini
 .fini          0x08003390        0x8 C:/ST/STM32CubeIDE_1.17.0/STM32CubeIDE/plugins/com.st.stm32cube.ide.mcu.externaltools.gnu-tools-for-stm32.12.3.rel1.win32_1.1.0.202410251130/tools/bin/../lib/gcc/arm-none-eabi/12.3.1/thumb/v6-m/nofp/crtn.o
                0x08003398                        . = ALIGN (0x4)
                0x08003398                        _etext = .

.vfp11_veneer   0x08003398        0x0
 .vfp11_veneer  0x08003398        0x0 linker stubs

.v4_bx          0x08003398        0x0
 .v4_bx         0x08003398        0x0 linker stubs

.iplt           0x08003398        0x0
 .iplt          0x08003398        0x0 C:/ST/STM32CubeIDE_1.17.0/STM32CubeIDE/plugins/com.st.stm32cube.ide.mcu.externaltools.gnu-tools-for-stm32.12.3.rel1.win32_1.1.0.202410251130/tools/bin/../lib/gcc/arm-none-eabi/12.3.1/thumb/v6-m/nofp/crtbegin.o

.rodata         0x08003398     0x22a4
                0x08003398                        . = ALIGN (0x4)
 *(.rodata)
 *(.rodata*)
 .rodata.APBPrescTable
                0x08003398        0x8 ./Core/Src/system_stm32f0xx.o
                0x08003398                APBPrescTable
 .rodata.AHBPrescTable
                0x080033a0       0x10 ./Core/Src/system_stm32f0xx.o
                0x080033a0                AHBPrescTable
 .rodata.System_Init.str1.1
                0x080033b0        0xc ./Core/User/Config/DEV_Config.o
 .rodata.gImage_1in3
                0x080033bc      0x406 ./Core/User/Example/ImageData.o
                0x080033bc                gImage_1in3
 .rodata.OLED_1in51_test.str1.1
                0x080037c2      0x1f8 ./Core/User/Example/OLED_1in51_test.o
 .rodata.Font12CN_Table
                0x080039ba      0x5d6 ./Core/User/Fonts/font12CN.o
                0x080039ba                Font12CN_Table
 .rodata.Font24CN_Table
                0x08003f90     0x1182 ./Core/User/Fonts/font24CN.o
                0x08003f90                Font24CN_Table
 .rodata.Font8_Table
                0x08005112      0x2f8 ./Core/User/Fonts/font8.o
                0x08005112                Font8_Table
 .rodata.Paint_SetPixel.str1.1
                0x0800540a       0x25 ./Core/User/GUI/GUI_Paint.o
 .rodata.Paint_DrawPoint.str1.1
                0x0800542f       0x88 ./Core/User/GUI/GUI_Paint.o
 .rodata.Paint_DrawLine.str1.1
                0x080054b7       0x3e ./Core/User/GUI/GUI_Paint.o
 .rodata.Paint_DrawRectangle.str1.1
                0x080054f5       0x2f ./Core/User/GUI/GUI_Paint.o
 .rodata.Paint_DrawCircle.str1.1
                0x08005524       0x40 ./Core/User/GUI/GUI_Paint.o
 .rodata.Paint_DrawChar.str1.1
                0x08005564       0x3e ./Core/User/GUI/GUI_Paint.o
 .rodata.Paint_DrawString_EN.str1.1
                0x080055a2       0x43 ./Core/User/GUI/GUI_Paint.o
 .rodata.aPredivFactorTable.0
                0x080055e5       0x10 ./Drivers/STM32F0xx_HAL_Driver/Src/stm32f0xx_hal_rcc.o
 .rodata.aPLLMULFactorTable.1
                0x080055f5       0x10 ./Drivers/STM32F0xx_HAL_Driver/Src/stm32f0xx_hal_rcc.o
 .rodata.CSWTCH.59
                0x08005605        0x3 ./Drivers/STM32F0xx_HAL_Driver/Src/stm32f0xx_hal_uart.o
 .rodata._vfprintf_r.str1.1
                0x08005608       0x11 C:/ST/STM32CubeIDE_1.17.0/STM32CubeIDE/plugins/com.st.stm32cube.ide.mcu.externaltools.gnu-tools-for-stm32.12.3.rel1.win32_1.1.0.202410251130/tools/bin/../lib/gcc/arm-none-eabi/12.3.1/../../../../arm-none-eabi/lib/thumb/v6-m/nofp\libc_nano.a(libc_a-nano-vfprintf.o)
 .rodata._printf_i.str1.1
                0x08005619       0x22 C:/ST/STM32CubeIDE_1.17.0/STM32CubeIDE/plugins/com.st.stm32cube.ide.mcu.externaltools.gnu-tools-for-stm32.12.3.rel1.win32_1.1.0.202410251130/tools/bin/../lib/gcc/arm-none-eabi/12.3.1/../../../../arm-none-eabi/lib/thumb/v6-m/nofp\libc_nano.a(libc_a-nano-vfprintf_i.o)
                0x0800563c                        . = ALIGN (0x4)
 *fill*         0x0800563b        0x1 

.ARM.extab      0x0800563c        0x0
                0x0800563c                        . = ALIGN (0x4)
 *(.ARM.extab* .gnu.linkonce.armextab.*)
                0x0800563c                        . = ALIGN (0x4)

.ARM            0x0800563c        0x0
                0x0800563c                        . = ALIGN (0x4)
                0x0800563c                        __exidx_start = .
 *(.ARM.exidx*)
                0x0800563c                        __exidx_end = .
                0x0800563c                        . = ALIGN (0x4)

.preinit_array  0x0800563c        0x0
                0x0800563c                        . = ALIGN (0x4)
                0x0800563c                        PROVIDE (__preinit_array_start = .)
 *(.preinit_array*)
                0x0800563c                        PROVIDE (__preinit_array_end = .)
                0x0800563c                        . = ALIGN (0x4)

.init_array     0x0800563c        0x4
                0x0800563c                        . = ALIGN (0x4)
                0x0800563c                        PROVIDE (__init_array_start = .)
 *(SORT_BY_NAME(.init_array.*))
 *(.init_array*)
 .init_array    0x0800563c        0x4 C:/ST/STM32CubeIDE_1.17.0/STM32CubeIDE/plugins/com.st.stm32cube.ide.mcu.externaltools.gnu-tools-for-stm32.12.3.rel1.win32_1.1.0.202410251130/tools/bin/../lib/gcc/arm-none-eabi/12.3.1/thumb/v6-m/nofp/crtbegin.o
                0x08005640                        PROVIDE (__init_array_end = .)
                0x08005640                        . = ALIGN (0x4)

.fini_array     0x08005640        0x4
                0x08005640                        . = ALIGN (0x4)
                [!provide]                        PROVIDE (__fini_array_start = .)
 *(SORT_BY_NAME(.fini_array.*))
 *(.fini_array*)
 .fini_array    0x08005640        0x4 C:/ST/STM32CubeIDE_1.17.0/STM32CubeIDE/plugins/com.st.stm32cube.ide.mcu.externaltools.gnu-tools-for-stm32.12.3.rel1.win32_1.1.0.202410251130/tools/bin/../lib/gcc/arm-none-eabi/12.3.1/thumb/v6-m/nofp/crtbegin.o
                [!provide]                        PROVIDE (__fini_array_end = .)
                0x08005644                        . = ALIGN (0x4)
                0x08005644                        _sidata = LOADADDR (.data)

.rel.dyn        0x08005644        0x0
 .rel.iplt      0x08005644        0x0 C:/ST/STM32CubeIDE_1.17.0/STM32CubeIDE/plugins/com.st.stm32cube.ide.mcu.externaltools.gnu-tools-for-stm32.12.3.rel1.win32_1.1.0.202410251130/tools/bin/../lib/gcc/arm-none-eabi/12.3.1/thumb/v6-m/nofp/crtbegin.o

.data           0x20000000       0x88 load address 0x08005644
                0x20000000                        . = ALIGN (0x4)
                0x20000000                        _sdata = .
 *(.data)
 *(.data*)
 .data.SystemCoreClock
                0x20000000        0x4 ./Core/Src/system_stm32f0xx.o
                0x20000000                SystemCoreClock
 .data.Font12CN
                0x20000004        0xc ./Core/User/Fonts/font12CN.o
                0x20000004                Font12CN
 .data.Font24CN
                0x20000010        0xc ./Core/User/Fonts/font24CN.o
                0x20000010                Font24CN
 .data.Font8    0x2000001c        0x8 ./Core/User/Fonts/font8.o
                0x2000001c                Font8
 .data.uwTickFreq
                0x20000024        0x1 ./Drivers/STM32F0xx_HAL_Driver/Src/stm32f0xx_hal.o
                0x20000024                uwTickFreq
 *fill*         0x20000025        0x3 
 .data.uwTickPrio
                0x20000028        0x4 ./Drivers/STM32F0xx_HAL_Driver/Src/stm32f0xx_hal.o
                0x20000028                uwTickPrio
 .data.__sglue  0x2000002c        0xc C:/ST/STM32CubeIDE_1.17.0/STM32CubeIDE/plugins/com.st.stm32cube.ide.mcu.externaltools.gnu-tools-for-stm32.12.3.rel1.win32_1.1.0.202410251130/tools/bin/../lib/gcc/arm-none-eabi/12.3.1/../../../../arm-none-eabi/lib/thumb/v6-m/nofp\libc_nano.a(libc_a-findfp.o)
                0x2000002c                __sglue
 .data._impure_ptr
                0x20000038        0x4 C:/ST/STM32CubeIDE_1.17.0/STM32CubeIDE/plugins/com.st.stm32cube.ide.mcu.externaltools.gnu-tools-for-stm32.12.3.rel1.win32_1.1.0.202410251130/tools/bin/../lib/gcc/arm-none-eabi/12.3.1/../../../../arm-none-eabi/lib/thumb/v6-m/nofp\libc_nano.a(libc_a-impure.o)
                0x20000038                _impure_ptr
 .data._impure_data
                0x2000003c       0x4c C:/ST/STM32CubeIDE_1.17.0/STM32CubeIDE/plugins/com.st.stm32cube.ide.mcu.externaltools.gnu-tools-for-stm32.12.3.rel1.win32_1.1.0.202410251130/tools/bin/../lib/gcc/arm-none-eabi/12.3.1/../../../../arm-none-eabi/lib/thumb/v6-m/nofp\libc_nano.a(libc_a-impure.o)
                0x2000003c                _impure_data
 *(.RamFunc)
 *(.RamFunc*)
                0x20000088                        . = ALIGN (0x4)
                0x20000088                        _edata = .

.igot.plt       0x20000088        0x0 load address 0x080056cc
 .igot.plt      0x20000088        0x0 C:/ST/STM32CubeIDE_1.17.0/STM32CubeIDE/plugins/com.st.stm32cube.ide.mcu.externaltools.gnu-tools-for-stm32.12.3.rel1.win32_1.1.0.202410251130/tools/bin/../lib/gcc/arm-none-eabi/12.3.1/thumb/v6-m/nofp/crtbegin.o
                0x20000088                        . = ALIGN (0x4)

.bss            0x20000088      0x2c4 load address 0x080056cc
                0x20000088                        _sbss = .
                0x20000088                        __bss_start__ = _sbss
 *(.bss)
 .bss           0x20000088       0x1c C:/ST/STM32CubeIDE_1.17.0/STM32CubeIDE/plugins/com.st.stm32cube.ide.mcu.externaltools.gnu-tools-for-stm32.12.3.rel1.win32_1.1.0.202410251130/tools/bin/../lib/gcc/arm-none-eabi/12.3.1/thumb/v6-m/nofp/crtbegin.o
 *(.bss*)
 .bss.huart2    0x200000a4       0x88 ./Core/Src/main.o
                0x200000a4                huart2
 .bss.hspi1     0x2000012c       0x64 ./Core/Src/main.o
                0x2000012c                hspi1
 .bss.hsmbus1   0x20000190       0x50 ./Core/Src/main.o
                0x20000190                hsmbus1
 .bss.__sbrk_heap_end
                0x200001e0        0x4 ./Core/Src/sysmem.o
 .bss.Paint     0x200001e4       0x18 ./Core/User/GUI/GUI_Paint.o
                0x200001e4                Paint
 .bss.uwTick    0x200001fc        0x4 ./Drivers/STM32F0xx_HAL_Driver/Src/stm32f0xx_hal.o
                0x200001fc                uwTick
 .bss.__malloc_sbrk_start
                0x20000200        0x4 C:/ST/STM32CubeIDE_1.17.0/STM32CubeIDE/plugins/com.st.stm32cube.ide.mcu.externaltools.gnu-tools-for-stm32.12.3.rel1.win32_1.1.0.202410251130/tools/bin/../lib/gcc/arm-none-eabi/12.3.1/../../../../arm-none-eabi/lib/thumb/v6-m/nofp\libc_nano.a(libc_a-mallocr.o)
                0x20000200                __malloc_sbrk_start
 .bss.__malloc_free_list
                0x20000204        0x4 C:/ST/STM32CubeIDE_1.17.0/STM32CubeIDE/plugins/com.st.stm32cube.ide.mcu.externaltools.gnu-tools-for-stm32.12.3.rel1.win32_1.1.0.202410251130/tools/bin/../lib/gcc/arm-none-eabi/12.3.1/../../../../arm-none-eabi/lib/thumb/v6-m/nofp\libc_nano.a(libc_a-mallocr.o)
                0x20000204                __malloc_free_list
 .bss.__sf      0x20000208      0x138 C:/ST/STM32CubeIDE_1.17.0/STM32CubeIDE/plugins/com.st.stm32cube.ide.mcu.externaltools.gnu-tools-for-stm32.12.3.rel1.win32_1.1.0.202410251130/tools/bin/../lib/gcc/arm-none-eabi/12.3.1/../../../../arm-none-eabi/lib/thumb/v6-m/nofp\libc_nano.a(libc_a-findfp.o)
                0x20000208                __sf
 .bss.__stdio_exit_handler
                0x20000340        0x4 C:/ST/STM32CubeIDE_1.17.0/STM32CubeIDE/plugins/com.st.stm32cube.ide.mcu.externaltools.gnu-tools-for-stm32.12.3.rel1.win32_1.1.0.202410251130/tools/bin/../lib/gcc/arm-none-eabi/12.3.1/../../../../arm-none-eabi/lib/thumb/v6-m/nofp\libc_nano.a(libc_a-findfp.o)
                0x20000340                __stdio_exit_handler
 .bss.errno     0x20000344        0x4 C:/ST/STM32CubeIDE_1.17.0/STM32CubeIDE/plugins/com.st.stm32cube.ide.mcu.externaltools.gnu-tools-for-stm32.12.3.rel1.win32_1.1.0.202410251130/tools/bin/../lib/gcc/arm-none-eabi/12.3.1/../../../../arm-none-eabi/lib/thumb/v6-m/nofp\libc_nano.a(libc_a-reent.o)
                0x20000344                errno
 .bss.__lock___malloc_recursive_mutex
                0x20000348        0x1 C:/ST/STM32CubeIDE_1.17.0/STM32CubeIDE/plugins/com.st.stm32cube.ide.mcu.externaltools.gnu-tools-for-stm32.12.3.rel1.win32_1.1.0.202410251130/tools/bin/../lib/gcc/arm-none-eabi/12.3.1/../../../../arm-none-eabi/lib/thumb/v6-m/nofp\libc_nano.a(libc_a-lock.o)
                0x20000348                __lock___malloc_recursive_mutex
 .bss.__lock___sfp_recursive_mutex
                0x20000349        0x1 C:/ST/STM32CubeIDE_1.17.0/STM32CubeIDE/plugins/com.st.stm32cube.ide.mcu.externaltools.gnu-tools-for-stm32.12.3.rel1.win32_1.1.0.202410251130/tools/bin/../lib/gcc/arm-none-eabi/12.3.1/../../../../arm-none-eabi/lib/thumb/v6-m/nofp\libc_nano.a(libc_a-lock.o)
                0x20000349                __lock___sfp_recursive_mutex
 *(COMMON)
                0x2000034c                        . = ALIGN (0x4)
 *fill*         0x2000034a        0x2 
                0x2000034c                        _ebss = .
                0x2000034c                        __bss_end__ = _ebss

._user_heap_stack
                0x2000034c      0x604 load address 0x080056cc
                0x20000350                        . = ALIGN (0x8)
 *fill*         0x2000034c        0x4 
                [!provide]                        PROVIDE (end = .)
                0x20000350                        PROVIDE (_end = .)
                0x20000550                        . = (. + _Min_Heap_Size)
 *fill*         0x20000350      0x200 
                0x20000950                        . = (. + _Min_Stack_Size)
 *fill*         0x20000550      0x400 
                0x20000950                        . = ALIGN (0x8)

/DISCARD/
 libc.a(*)
 libm.a(*)
 libgcc.a(*)

.ARM.attributes
                0x00000000       0x28
 *(.ARM.attributes)
 .ARM.attributes
                0x00000000       0x1e C:/ST/STM32CubeIDE_1.17.0/STM32CubeIDE/plugins/com.st.stm32cube.ide.mcu.externaltools.gnu-tools-for-stm32.12.3.rel1.win32_1.1.0.202410251130/tools/bin/../lib/gcc/arm-none-eabi/12.3.1/thumb/v6-m/nofp/crti.o
 .ARM.attributes
                0x0000001e       0x2c C:/ST/STM32CubeIDE_1.17.0/STM32CubeIDE/plugins/com.st.stm32cube.ide.mcu.externaltools.gnu-tools-for-stm32.12.3.rel1.win32_1.1.0.202410251130/tools/bin/../lib/gcc/arm-none-eabi/12.3.1/thumb/v6-m/nofp/crtbegin.o
 .ARM.attributes
                0x0000004a       0x2c ./Core/Src/main.o
 .ARM.attributes
                0x00000076       0x2c ./Core/Src/stm32f0xx_hal_msp.o
 .ARM.attributes
                0x000000a2       0x2c ./Core/Src/stm32f0xx_it.o
 .ARM.attributes
                0x000000ce       0x2c ./Core/Src/syscalls.o
 .ARM.attributes
                0x000000fa       0x2c ./Core/Src/sysmem.o
 .ARM.attributes
                0x00000126       0x2c ./Core/Src/system_stm32f0xx.o
 .ARM.attributes
                0x00000152       0x21 ./Core/Startup/startup_stm32f042k6tx.o
 .ARM.attributes
                0x00000173       0x2c ./Core/User/Config/DEV_Config.o
 .ARM.attributes
                0x0000019f       0x2c ./Core/User/Example/ImageData.o
 .ARM.attributes
                0x000001cb       0x2c ./Core/User/Example/OLED_1in51_test.o
 .ARM.attributes
                0x000001f7       0x2c ./Core/User/Fonts/font12CN.o
 .ARM.attributes
                0x00000223       0x2c ./Core/User/Fonts/font24CN.o
 .ARM.attributes
                0x0000024f       0x2c ./Core/User/Fonts/font8.o
 .ARM.attributes
                0x0000027b       0x2c ./Core/User/GUI/GUI_Paint.o
 .ARM.attributes
                0x000002a7       0x2c ./Core/User/OLED/OLED_1in51.o
 .ARM.attributes
                0x000002d3       0x2c ./Drivers/STM32F0xx_HAL_Driver/Src/stm32f0xx_hal.o
 .ARM.attributes
                0x000002ff       0x2c ./Drivers/STM32F0xx_HAL_Driver/Src/stm32f0xx_hal_cortex.o
 .ARM.attributes
                0x0000032b       0x2c ./Drivers/STM32F0xx_HAL_Driver/Src/stm32f0xx_hal_gpio.o
 .ARM.attributes
                0x00000357       0x2c ./Drivers/STM32F0xx_HAL_Driver/Src/stm32f0xx_hal_rcc.o
 .ARM.attributes
                0x00000383       0x2c ./Drivers/STM32F0xx_HAL_Driver/Src/stm32f0xx_hal_rcc_ex.o
 .ARM.attributes
                0x000003af       0x2c ./Drivers/STM32F0xx_HAL_Driver/Src/stm32f0xx_hal_smbus.o
 .ARM.attributes
                0x000003db       0x2c ./Drivers/STM32F0xx_HAL_Driver/Src/stm32f0xx_hal_spi.o
 .ARM.attributes
                0x00000407       0x2c ./Drivers/STM32F0xx_HAL_Driver/Src/stm32f0xx_hal_uart.o
 .ARM.attributes
                0x00000433       0x2c C:/ST/STM32CubeIDE_1.17.0/STM32CubeIDE/plugins/com.st.stm32cube.ide.mcu.externaltools.gnu-tools-for-stm32.12.3.rel1.win32_1.1.0.202410251130/tools/bin/../lib/gcc/arm-none-eabi/12.3.1/../../../../arm-none-eabi/lib/thumb/v6-m/nofp\libc_nano.a(libc_a-malloc.o)
 .ARM.attributes
                0x0000045f       0x2c C:/ST/STM32CubeIDE_1.17.0/STM32CubeIDE/plugins/com.st.stm32cube.ide.mcu.externaltools.gnu-tools-for-stm32.12.3.rel1.win32_1.1.0.202410251130/tools/bin/../lib/gcc/arm-none-eabi/12.3.1/../../../../arm-none-eabi/lib/thumb/v6-m/nofp\libc_nano.a(libc_a-mallocr.o)
 .ARM.attributes
                0x0000048b       0x2c C:/ST/STM32CubeIDE_1.17.0/STM32CubeIDE/plugins/com.st.stm32cube.ide.mcu.externaltools.gnu-tools-for-stm32.12.3.rel1.win32_1.1.0.202410251130/tools/bin/../lib/gcc/arm-none-eabi/12.3.1/../../../../arm-none-eabi/lib/thumb/v6-m/nofp\libc_nano.a(libc_a-mlock.o)
 .ARM.attributes
                0x000004b7       0x2c C:/ST/STM32CubeIDE_1.17.0/STM32CubeIDE/plugins/com.st.stm32cube.ide.mcu.externaltools.gnu-tools-for-stm32.12.3.rel1.win32_1.1.0.202410251130/tools/bin/../lib/gcc/arm-none-eabi/12.3.1/../../../../arm-none-eabi/lib/thumb/v6-m/nofp\libc_nano.a(libc_a-findfp.o)
 .ARM.attributes
                0x000004e3       0x2c C:/ST/STM32CubeIDE_1.17.0/STM32CubeIDE/plugins/com.st.stm32cube.ide.mcu.externaltools.gnu-tools-for-stm32.12.3.rel1.win32_1.1.0.202410251130/tools/bin/../lib/gcc/arm-none-eabi/12.3.1/../../../../arm-none-eabi/lib/thumb/v6-m/nofp\libc_nano.a(libc_a-fwalk.o)
 .ARM.attributes
                0x0000050f       0x2c C:/ST/STM32CubeIDE_1.17.0/STM32CubeIDE/plugins/com.st.stm32cube.ide.mcu.externaltools.gnu-tools-for-stm32.12.3.rel1.win32_1.1.0.202410251130/tools/bin/../lib/gcc/arm-none-eabi/12.3.1/../../../../arm-none-eabi/lib/thumb/v6-m/nofp\libc_nano.a(libc_a-printf.o)
 .ARM.attributes
                0x0000053b       0x2c C:/ST/STM32CubeIDE_1.17.0/STM32CubeIDE/plugins/com.st.stm32cube.ide.mcu.externaltools.gnu-tools-for-stm32.12.3.rel1.win32_1.1.0.202410251130/tools/bin/../lib/gcc/arm-none-eabi/12.3.1/../../../../arm-none-eabi/lib/thumb/v6-m/nofp\libc_nano.a(libc_a-puts.o)
 .ARM.attributes
                0x00000567       0x2c C:/ST/STM32CubeIDE_1.17.0/STM32CubeIDE/plugins/com.st.stm32cube.ide.mcu.externaltools.gnu-tools-for-stm32.12.3.rel1.win32_1.1.0.202410251130/tools/bin/../lib/gcc/arm-none-eabi/12.3.1/../../../../arm-none-eabi/lib/thumb/v6-m/nofp\libc_nano.a(libc_a-stdio.o)
 .ARM.attributes
                0x00000593       0x2c C:/ST/STM32CubeIDE_1.17.0/STM32CubeIDE/plugins/com.st.stm32cube.ide.mcu.externaltools.gnu-tools-for-stm32.12.3.rel1.win32_1.1.0.202410251130/tools/bin/../lib/gcc/arm-none-eabi/12.3.1/../../../../arm-none-eabi/lib/thumb/v6-m/nofp\libc_nano.a(libc_a-wbuf.o)
 .ARM.attributes
                0x000005bf       0x2c C:/ST/STM32CubeIDE_1.17.0/STM32CubeIDE/plugins/com.st.stm32cube.ide.mcu.externaltools.gnu-tools-for-stm32.12.3.rel1.win32_1.1.0.202410251130/tools/bin/../lib/gcc/arm-none-eabi/12.3.1/../../../../arm-none-eabi/lib/thumb/v6-m/nofp\libc_nano.a(libc_a-wsetup.o)
 .ARM.attributes
                0x000005eb       0x2c C:/ST/STM32CubeIDE_1.17.0/STM32CubeIDE/plugins/com.st.stm32cube.ide.mcu.externaltools.gnu-tools-for-stm32.12.3.rel1.win32_1.1.0.202410251130/tools/bin/../lib/gcc/arm-none-eabi/12.3.1/../../../../arm-none-eabi/lib/thumb/v6-m/nofp\libc_nano.a(libc_a-memset.o)
 .ARM.attributes
                0x00000617       0x2c C:/ST/STM32CubeIDE_1.17.0/STM32CubeIDE/plugins/com.st.stm32cube.ide.mcu.externaltools.gnu-tools-for-stm32.12.3.rel1.win32_1.1.0.202410251130/tools/bin/../lib/gcc/arm-none-eabi/12.3.1/../../../../arm-none-eabi/lib/thumb/v6-m/nofp\libc_nano.a(libc_a-closer.o)
 .ARM.attributes
                0x00000643       0x2c C:/ST/STM32CubeIDE_1.17.0/STM32CubeIDE/plugins/com.st.stm32cube.ide.mcu.externaltools.gnu-tools-for-stm32.12.3.rel1.win32_1.1.0.202410251130/tools/bin/../lib/gcc/arm-none-eabi/12.3.1/../../../../arm-none-eabi/lib/thumb/v6-m/nofp\libc_nano.a(libc_a-reent.o)
 .ARM.attributes
                0x0000066f       0x2c C:/ST/STM32CubeIDE_1.17.0/STM32CubeIDE/plugins/com.st.stm32cube.ide.mcu.externaltools.gnu-tools-for-stm32.12.3.rel1.win32_1.1.0.202410251130/tools/bin/../lib/gcc/arm-none-eabi/12.3.1/../../../../arm-none-eabi/lib/thumb/v6-m/nofp\libc_nano.a(libc_a-impure.o)
 .ARM.attributes
                0x0000069b       0x2c C:/ST/STM32CubeIDE_1.17.0/STM32CubeIDE/plugins/com.st.stm32cube.ide.mcu.externaltools.gnu-tools-for-stm32.12.3.rel1.win32_1.1.0.202410251130/tools/bin/../lib/gcc/arm-none-eabi/12.3.1/../../../../arm-none-eabi/lib/thumb/v6-m/nofp\libc_nano.a(libc_a-lseekr.o)
 .ARM.attributes
                0x000006c7       0x2c C:/ST/STM32CubeIDE_1.17.0/STM32CubeIDE/plugins/com.st.stm32cube.ide.mcu.externaltools.gnu-tools-for-stm32.12.3.rel1.win32_1.1.0.202410251130/tools/bin/../lib/gcc/arm-none-eabi/12.3.1/../../../../arm-none-eabi/lib/thumb/v6-m/nofp\libc_nano.a(libc_a-readr.o)
 .ARM.attributes
                0x000006f3       0x2c C:/ST/STM32CubeIDE_1.17.0/STM32CubeIDE/plugins/com.st.stm32cube.ide.mcu.externaltools.gnu-tools-for-stm32.12.3.rel1.win32_1.1.0.202410251130/tools/bin/../lib/gcc/arm-none-eabi/12.3.1/../../../../arm-none-eabi/lib/thumb/v6-m/nofp\libc_nano.a(libc_a-sbrkr.o)
 .ARM.attributes
                0x0000071f       0x2c C:/ST/STM32CubeIDE_1.17.0/STM32CubeIDE/plugins/com.st.stm32cube.ide.mcu.externaltools.gnu-tools-for-stm32.12.3.rel1.win32_1.1.0.202410251130/tools/bin/../lib/gcc/arm-none-eabi/12.3.1/../../../../arm-none-eabi/lib/thumb/v6-m/nofp\libc_nano.a(libc_a-writer.o)
 .ARM.attributes
                0x0000074b       0x2c C:/ST/STM32CubeIDE_1.17.0/STM32CubeIDE/plugins/com.st.stm32cube.ide.mcu.externaltools.gnu-tools-for-stm32.12.3.rel1.win32_1.1.0.202410251130/tools/bin/../lib/gcc/arm-none-eabi/12.3.1/../../../../arm-none-eabi/lib/thumb/v6-m/nofp\libc_nano.a(libc_a-errno.o)
 .ARM.attributes
                0x00000777       0x2c C:/ST/STM32CubeIDE_1.17.0/STM32CubeIDE/plugins/com.st.stm32cube.ide.mcu.externaltools.gnu-tools-for-stm32.12.3.rel1.win32_1.1.0.202410251130/tools/bin/../lib/gcc/arm-none-eabi/12.3.1/../../../../arm-none-eabi/lib/thumb/v6-m/nofp\libc_nano.a(libc_a-init.o)
 .ARM.attributes
                0x000007a3       0x2c C:/ST/STM32CubeIDE_1.17.0/STM32CubeIDE/plugins/com.st.stm32cube.ide.mcu.externaltools.gnu-tools-for-stm32.12.3.rel1.win32_1.1.0.202410251130/tools/bin/../lib/gcc/arm-none-eabi/12.3.1/../../../../arm-none-eabi/lib/thumb/v6-m/nofp\libc_nano.a(libc_a-lock.o)
 .ARM.attributes
                0x000007cf       0x2c C:/ST/STM32CubeIDE_1.17.0/STM32CubeIDE/plugins/com.st.stm32cube.ide.mcu.externaltools.gnu-tools-for-stm32.12.3.rel1.win32_1.1.0.202410251130/tools/bin/../lib/gcc/arm-none-eabi/12.3.1/../../../../arm-none-eabi/lib/thumb/v6-m/nofp\libc_nano.a(libc_a-freer.o)
 .ARM.attributes
                0x000007fb       0x2c C:/ST/STM32CubeIDE_1.17.0/STM32CubeIDE/plugins/com.st.stm32cube.ide.mcu.externaltools.gnu-tools-for-stm32.12.3.rel1.win32_1.1.0.202410251130/tools/bin/../lib/gcc/arm-none-eabi/12.3.1/../../../../arm-none-eabi/lib/thumb/v6-m/nofp\libc_nano.a(libc_a-nano-vfprintf.o)
 .ARM.attributes
                0x00000827       0x2c C:/ST/STM32CubeIDE_1.17.0/STM32CubeIDE/plugins/com.st.stm32cube.ide.mcu.externaltools.gnu-tools-for-stm32.12.3.rel1.win32_1.1.0.202410251130/tools/bin/../lib/gcc/arm-none-eabi/12.3.1/../../../../arm-none-eabi/lib/thumb/v6-m/nofp\libc_nano.a(libc_a-nano-vfprintf_i.o)
 .ARM.attributes
                0x00000853       0x2c C:/ST/STM32CubeIDE_1.17.0/STM32CubeIDE/plugins/com.st.stm32cube.ide.mcu.externaltools.gnu-tools-for-stm32.12.3.rel1.win32_1.1.0.202410251130/tools/bin/../lib/gcc/arm-none-eabi/12.3.1/../../../../arm-none-eabi/lib/thumb/v6-m/nofp\libc_nano.a(libc_a-fflush.o)
 .ARM.attributes
                0x0000087f       0x2c C:/ST/STM32CubeIDE_1.17.0/STM32CubeIDE/plugins/com.st.stm32cube.ide.mcu.externaltools.gnu-tools-for-stm32.12.3.rel1.win32_1.1.0.202410251130/tools/bin/../lib/gcc/arm-none-eabi/12.3.1/../../../../arm-none-eabi/lib/thumb/v6-m/nofp\libc_nano.a(libc_a-makebuf.o)
 .ARM.attributes
                0x000008ab       0x2c C:/ST/STM32CubeIDE_1.17.0/STM32CubeIDE/plugins/com.st.stm32cube.ide.mcu.externaltools.gnu-tools-for-stm32.12.3.rel1.win32_1.1.0.202410251130/tools/bin/../lib/gcc/arm-none-eabi/12.3.1/../../../../arm-none-eabi/lib/thumb/v6-m/nofp\libc_nano.a(libc_a-fstatr.o)
 .ARM.attributes
                0x000008d7       0x2c C:/ST/STM32CubeIDE_1.17.0/STM32CubeIDE/plugins/com.st.stm32cube.ide.mcu.externaltools.gnu-tools-for-stm32.12.3.rel1.win32_1.1.0.202410251130/tools/bin/../lib/gcc/arm-none-eabi/12.3.1/../../../../arm-none-eabi/lib/thumb/v6-m/nofp\libc_nano.a(libc_a-isattyr.o)
 .ARM.attributes
                0x00000903       0x2c C:/ST/STM32CubeIDE_1.17.0/STM32CubeIDE/plugins/com.st.stm32cube.ide.mcu.externaltools.gnu-tools-for-stm32.12.3.rel1.win32_1.1.0.202410251130/tools/bin/../lib/gcc/arm-none-eabi/12.3.1/../../../../arm-none-eabi/lib/thumb/v6-m/nofp\libc_nano.a(libc_a-memchr-stub.o)
 .ARM.attributes
                0x0000092f       0x1e C:/ST/STM32CubeIDE_1.17.0/STM32CubeIDE/plugins/com.st.stm32cube.ide.mcu.externaltools.gnu-tools-for-stm32.12.3.rel1.win32_1.1.0.202410251130/tools/bin/../lib/gcc/arm-none-eabi/12.3.1/thumb/v6-m/nofp\libgcc.a(_thumb1_case_uqi.o)
 .ARM.attributes
                0x0000094d       0x1e C:/ST/STM32CubeIDE_1.17.0/STM32CubeIDE/plugins/com.st.stm32cube.ide.mcu.externaltools.gnu-tools-for-stm32.12.3.rel1.win32_1.1.0.202410251130/tools/bin/../lib/gcc/arm-none-eabi/12.3.1/thumb/v6-m/nofp\libgcc.a(_thumb1_case_shi.o)
 .ARM.attributes
                0x0000096b       0x1e C:/ST/STM32CubeIDE_1.17.0/STM32CubeIDE/plugins/com.st.stm32cube.ide.mcu.externaltools.gnu-tools-for-stm32.12.3.rel1.win32_1.1.0.202410251130/tools/bin/../lib/gcc/arm-none-eabi/12.3.1/thumb/v6-m/nofp\libgcc.a(_udivsi3.o)
 .ARM.attributes
                0x00000989       0x1e C:/ST/STM32CubeIDE_1.17.0/STM32CubeIDE/plugins/com.st.stm32cube.ide.mcu.externaltools.gnu-tools-for-stm32.12.3.rel1.win32_1.1.0.202410251130/tools/bin/../lib/gcc/arm-none-eabi/12.3.1/thumb/v6-m/nofp\libgcc.a(_dvmd_tls.o)
 .ARM.attributes
                0x000009a7       0x1e C:/ST/STM32CubeIDE_1.17.0/STM32CubeIDE/plugins/com.st.stm32cube.ide.mcu.externaltools.gnu-tools-for-stm32.12.3.rel1.win32_1.1.0.202410251130/tools/bin/../lib/gcc/arm-none-eabi/12.3.1/thumb/v6-m/nofp/crtn.o
OUTPUT(capstone_project.elf elf32-littlearm)
LOAD linker stubs
LOAD C:/ST/STM32CubeIDE_1.17.0/STM32CubeIDE/plugins/com.st.stm32cube.ide.mcu.externaltools.gnu-tools-for-stm32.12.3.rel1.win32_1.1.0.202410251130/tools/bin/../lib/gcc/arm-none-eabi/12.3.1/../../../../arm-none-eabi/lib/thumb/v6-m/nofp\libc.a
LOAD C:/ST/STM32CubeIDE_1.17.0/STM32CubeIDE/plugins/com.st.stm32cube.ide.mcu.externaltools.gnu-tools-for-stm32.12.3.rel1.win32_1.1.0.202410251130/tools/bin/../lib/gcc/arm-none-eabi/12.3.1/../../../../arm-none-eabi/lib/thumb/v6-m/nofp\libm.a
LOAD C:/ST/STM32CubeIDE_1.17.0/STM32CubeIDE/plugins/com.st.stm32cube.ide.mcu.externaltools.gnu-tools-for-stm32.12.3.rel1.win32_1.1.0.202410251130/tools/bin/../lib/gcc/arm-none-eabi/12.3.1/thumb/v6-m/nofp\libgcc.a

.debug_info     0x00000000    0x11cdb
 .debug_info    0x00000000     0x1437 ./Core/Src/main.o
 .debug_info    0x00001437      0xfeb ./Core/Src/stm32f0xx_hal_msp.o
 .debug_info    0x00002422       0xe1 ./Core/Src/stm32f0xx_it.o
 .debug_info    0x00002503      0x7b5 ./Core/Src/syscalls.o
 .debug_info    0x00002cb8      0x186 ./Core/Src/sysmem.o
 .debug_info    0x00002e3e      0x268 ./Core/Src/system_stm32f0xx.o
 .debug_info    0x000030a6       0x30 ./Core/Startup/startup_stm32f042k6tx.o
 .debug_info    0x000030d6      0xa16 ./Core/User/Config/DEV_Config.o
 .debug_info    0x00003aec      0x2b4 ./Core/User/Example/ImageData.o
 .debug_info    0x00003da0      0x9d8 ./Core/User/Example/OLED_1in51_test.o
 .debug_info    0x00004778      0x17a ./Core/User/Fonts/font12CN.o
 .debug_info    0x000048f2      0x17b ./Core/User/Fonts/font24CN.o
 .debug_info    0x00004a6d      0x12c ./Core/User/Fonts/font8.o
 .debug_info    0x00004b99     0x1de6 ./Core/User/GUI/GUI_Paint.o
 .debug_info    0x0000697f      0x71a ./Core/User/OLED/OLED_1in51.o
 .debug_info    0x00007099      0x781 ./Drivers/STM32F0xx_HAL_Driver/Src/stm32f0xx_hal.o
 .debug_info    0x0000781a      0x82d ./Drivers/STM32F0xx_HAL_Driver/Src/stm32f0xx_hal_cortex.o
 .debug_info    0x00008047      0x5de ./Drivers/STM32F0xx_HAL_Driver/Src/stm32f0xx_hal_gpio.o
 .debug_info    0x00008625      0xa6b ./Drivers/STM32F0xx_HAL_Driver/Src/stm32f0xx_hal_rcc.o
 .debug_info    0x00009090      0x6cb ./Drivers/STM32F0xx_HAL_Driver/Src/stm32f0xx_hal_rcc_ex.o
 .debug_info    0x0000975b     0x1533 ./Drivers/STM32F0xx_HAL_Driver/Src/stm32f0xx_hal_smbus.o
 .debug_info    0x0000ac8e     0x2168 ./Drivers/STM32F0xx_HAL_Driver/Src/stm32f0xx_hal_spi.o
 .debug_info    0x0000cdf6     0x4ee5 ./Drivers/STM32F0xx_HAL_Driver/Src/stm32f0xx_hal_uart.o

.debug_abbrev   0x00000000     0x2cc5
 .debug_abbrev  0x00000000      0x2fc ./Core/Src/main.o
 .debug_abbrev  0x000002fc      0x1f9 ./Core/Src/stm32f0xx_hal_msp.o
 .debug_abbrev  0x000004f5       0xb1 ./Core/Src/stm32f0xx_it.o
 .debug_abbrev  0x000005a6      0x208 ./Core/Src/syscalls.o
 .debug_abbrev  0x000007ae       0xdc ./Core/Src/sysmem.o
 .debug_abbrev  0x0000088a      0x138 ./Core/Src/system_stm32f0xx.o
 .debug_abbrev  0x000009c2       0x24 ./Core/Startup/startup_stm32f042k6tx.o
 .debug_abbrev  0x000009e6      0x241 ./Core/User/Config/DEV_Config.o
 .debug_abbrev  0x00000c27       0x8c ./Core/User/Example/ImageData.o
 .debug_abbrev  0x00000cb3      0x196 ./Core/User/Example/OLED_1in51_test.o
 .debug_abbrev  0x00000e49       0xb1 ./Core/User/Fonts/font12CN.o
 .debug_abbrev  0x00000efa       0xb1 ./Core/User/Fonts/font24CN.o
 .debug_abbrev  0x00000fab       0xb1 ./Core/User/Fonts/font8.o
 .debug_abbrev  0x0000105c      0x370 ./Core/User/GUI/GUI_Paint.o
 .debug_abbrev  0x000013cc      0x22c ./Core/User/OLED/OLED_1in51.o
 .debug_abbrev  0x000015f8      0x2c7 ./Drivers/STM32F0xx_HAL_Driver/Src/stm32f0xx_hal.o
 .debug_abbrev  0x000018bf      0x29c ./Drivers/STM32F0xx_HAL_Driver/Src/stm32f0xx_hal_cortex.o
 .debug_abbrev  0x00001b5b      0x1f9 ./Drivers/STM32F0xx_HAL_Driver/Src/stm32f0xx_hal_gpio.o
 .debug_abbrev  0x00001d54      0x2d8 ./Drivers/STM32F0xx_HAL_Driver/Src/stm32f0xx_hal_rcc.o
 .debug_abbrev  0x0000202c      0x243 ./Drivers/STM32F0xx_HAL_Driver/Src/stm32f0xx_hal_rcc_ex.o
 .debug_abbrev  0x0000226f      0x30a ./Drivers/STM32F0xx_HAL_Driver/Src/stm32f0xx_hal_smbus.o
 .debug_abbrev  0x00002579      0x365 ./Drivers/STM32F0xx_HAL_Driver/Src/stm32f0xx_hal_spi.o
 .debug_abbrev  0x000028de      0x3e7 ./Drivers/STM32F0xx_HAL_Driver/Src/stm32f0xx_hal_uart.o

.debug_aranges  0x00000000      0xb58
 .debug_aranges
                0x00000000       0x30 ./Core/Src/main.o
 .debug_aranges
                0x00000030       0x50 ./Core/Src/stm32f0xx_hal_msp.o
 .debug_aranges
                0x00000080       0x40 ./Core/Src/stm32f0xx_it.o
 .debug_aranges
                0x000000c0       0xa8 ./Core/Src/syscalls.o
 .debug_aranges
                0x00000168       0x20 ./Core/Src/sysmem.o
 .debug_aranges
                0x00000188       0x28 ./Core/Src/system_stm32f0xx.o
 .debug_aranges
                0x000001b0       0x28 ./Core/Startup/startup_stm32f042k6tx.o
 .debug_aranges
                0x000001d8       0x48 ./Core/User/Config/DEV_Config.o
 .debug_aranges
                0x00000220       0x18 ./Core/User/Example/ImageData.o
 .debug_aranges
                0x00000238       0x20 ./Core/User/Example/OLED_1in51_test.o
 .debug_aranges
                0x00000258       0x18 ./Core/User/Fonts/font12CN.o
 .debug_aranges
                0x00000270       0x18 ./Core/User/Fonts/font24CN.o
 .debug_aranges
                0x00000288       0x18 ./Core/User/Fonts/font8.o
 .debug_aranges
                0x000002a0       0xb0 ./Core/User/GUI/GUI_Paint.o
 .debug_aranges
                0x00000350       0x48 ./Core/User/OLED/OLED_1in51.o
 .debug_aranges
                0x00000398       0xd0 ./Drivers/STM32F0xx_HAL_Driver/Src/stm32f0xx_hal.o
 .debug_aranges
                0x00000468       0x78 ./Drivers/STM32F0xx_HAL_Driver/Src/stm32f0xx_hal_cortex.o
 .debug_aranges
                0x000004e0       0x58 ./Drivers/STM32F0xx_HAL_Driver/Src/stm32f0xx_hal_gpio.o
 .debug_aranges
                0x00000538       0x80 ./Drivers/STM32F0xx_HAL_Driver/Src/stm32f0xx_hal_rcc.o
 .debug_aranges
                0x000005b8       0x78 ./Drivers/STM32F0xx_HAL_Driver/Src/stm32f0xx_hal_rcc_ex.o
 .debug_aranges
                0x00000630      0x130 ./Drivers/STM32F0xx_HAL_Driver/Src/stm32f0xx_hal_smbus.o
 .debug_aranges
                0x00000760      0x1d8 ./Drivers/STM32F0xx_HAL_Driver/Src/stm32f0xx_hal_spi.o
 .debug_aranges
                0x00000938      0x220 ./Drivers/STM32F0xx_HAL_Driver/Src/stm32f0xx_hal_uart.o

.debug_rnglists
                0x00000000      0xb44
 .debug_rnglists
                0x00000000       0x56 ./Core/Src/main.o
 .debug_rnglists
                0x00000056       0x9a ./Core/Src/stm32f0xx_hal_msp.o
 .debug_rnglists
                0x000000f0       0x2b ./Core/Src/stm32f0xx_it.o
 .debug_rnglists
                0x0000011b       0x85 ./Core/Src/syscalls.o
 .debug_rnglists
                0x000001a0       0x13 ./Core/Src/sysmem.o
 .debug_rnglists
                0x000001b3       0x19 ./Core/Src/system_stm32f0xx.o
 .debug_rnglists
                0x000001cc       0x1a ./Core/Startup/startup_stm32f042k6tx.o
 .debug_rnglists
                0x000001e6       0x31 ./Core/User/Config/DEV_Config.o
 .debug_rnglists
                0x00000217       0x14 ./Core/User/Example/OLED_1in51_test.o
 .debug_rnglists
                0x0000022b      0x10a ./Core/User/GUI/GUI_Paint.o
 .debug_rnglists
                0x00000335       0x41 ./Core/User/OLED/OLED_1in51.o
 .debug_rnglists
                0x00000376       0x97 ./Drivers/STM32F0xx_HAL_Driver/Src/stm32f0xx_hal.o
 .debug_rnglists
                0x0000040d       0x85 ./Drivers/STM32F0xx_HAL_Driver/Src/stm32f0xx_hal_cortex.o
 .debug_rnglists
                0x00000492       0x51 ./Drivers/STM32F0xx_HAL_Driver/Src/stm32f0xx_hal_gpio.o
 .debug_rnglists
                0x000004e3       0x80 ./Drivers/STM32F0xx_HAL_Driver/Src/stm32f0xx_hal_rcc.o
 .debug_rnglists
                0x00000563       0x6a ./Drivers/STM32F0xx_HAL_Driver/Src/stm32f0xx_hal_rcc_ex.o
 .debug_rnglists
                0x000005cd      0x12c ./Drivers/STM32F0xx_HAL_Driver/Src/stm32f0xx_hal_smbus.o
 .debug_rnglists
                0x000006f9      0x1c8 ./Drivers/STM32F0xx_HAL_Driver/Src/stm32f0xx_hal_spi.o
 .debug_rnglists
                0x000008c1      0x283 ./Drivers/STM32F0xx_HAL_Driver/Src/stm32f0xx_hal_uart.o

.debug_macro    0x00000000    0x1a7ae
 .debug_macro   0x00000000      0x1dc ./Core/Src/main.o
 .debug_macro   0x000001dc      0xa90 ./Core/Src/main.o
 .debug_macro   0x00000c6c      0x139 ./Core/Src/main.o
 .debug_macro   0x00000da5       0x2e ./Core/Src/main.o
 .debug_macro   0x00000dd3       0x22 ./Core/Src/main.o
 .debug_macro   0x00000df5       0x22 ./Core/Src/main.o
 .debug_macro   0x00000e17       0x8e ./Core/Src/main.o
 .debug_macro   0x00000ea5       0x51 ./Core/Src/main.o
 .debug_macro   0x00000ef6      0x103 ./Core/Src/main.o
 .debug_macro   0x00000ff9       0x6a ./Core/Src/main.o
 .debug_macro   0x00001063      0x1df ./Core/Src/main.o
 .debug_macro   0x00001242       0x1c ./Core/Src/main.o
 .debug_macro   0x0000125e       0x22 ./Core/Src/main.o
 .debug_macro   0x00001280       0xaf ./Core/Src/main.o
 .debug_macro   0x0000132f      0x391 ./Core/Src/main.o
 .debug_macro   0x000016c0     0xf209 ./Core/Src/main.o
 .debug_macro   0x000108c9       0x66 ./Core/Src/main.o
 .debug_macro   0x0001092f     0x34da ./Core/Src/main.o
 .debug_macro   0x00013e09      0x189 ./Core/Src/main.o
 .debug_macro   0x00013f92       0x55 ./Core/Src/main.o
 .debug_macro   0x00013fe7      0x946 ./Core/Src/main.o
 .debug_macro   0x0001492d      0x46b ./Core/Src/main.o
 .debug_macro   0x00014d98      0x1ae ./Core/Src/main.o
 .debug_macro   0x00014f46      0x130 ./Core/Src/main.o
 .debug_macro   0x00015076      0x199 ./Core/Src/main.o
 .debug_macro   0x0001520f      0x1ed ./Core/Src/main.o
 .debug_macro   0x000153fc       0x34 ./Core/Src/main.o
 .debug_macro   0x00015430       0x43 ./Core/Src/main.o
 .debug_macro   0x00015473       0x28 ./Core/Src/main.o
 .debug_macro   0x0001549b       0xb0 ./Core/Src/main.o
 .debug_macro   0x0001554b      0x182 ./Core/Src/main.o
 .debug_macro   0x000156cd      0x22c ./Core/Src/main.o
 .debug_macro   0x000158f9       0x61 ./Core/Src/main.o
 .debug_macro   0x0001595a       0xa5 ./Core/Src/main.o
 .debug_macro   0x000159ff       0x4c ./Core/Src/main.o
 .debug_macro   0x00015a4b      0x15b ./Core/Src/main.o
 .debug_macro   0x00015ba6      0x34e ./Core/Src/main.o
 .debug_macro   0x00015ef4      0x2fe ./Core/Src/main.o
 .debug_macro   0x000161f2      0x5ba ./Core/Src/main.o
 .debug_macro   0x000167ac       0x44 ./Core/Src/main.o
 .debug_macro   0x000167f0      0x12e ./Core/Src/main.o
 .debug_macro   0x0001691e       0xb8 ./Core/Src/main.o
 .debug_macro   0x000169d6      0x1dc ./Core/Src/stm32f0xx_hal_msp.o
 .debug_macro   0x00016bb2      0x1e6 ./Core/Src/stm32f0xx_it.o
 .debug_macro   0x00016d98      0x274 ./Core/Src/syscalls.o
 .debug_macro   0x0001700c       0x5b ./Core/Src/syscalls.o
 .debug_macro   0x00017067       0x24 ./Core/Src/syscalls.o
 .debug_macro   0x0001708b       0x94 ./Core/Src/syscalls.o
 .debug_macro   0x0001711f       0x43 ./Core/Src/syscalls.o
 .debug_macro   0x00017162       0x34 ./Core/Src/syscalls.o
 .debug_macro   0x00017196       0x57 ./Core/Src/syscalls.o
 .debug_macro   0x000171ed      0x369 ./Core/Src/syscalls.o
 .debug_macro   0x00017556       0x16 ./Core/Src/syscalls.o
 .debug_macro   0x0001756c       0x43 ./Core/Src/syscalls.o
 .debug_macro   0x000175af       0x34 ./Core/Src/syscalls.o
 .debug_macro   0x000175e3       0x10 ./Core/Src/syscalls.o
 .debug_macro   0x000175f3       0x58 ./Core/Src/syscalls.o
 .debug_macro   0x0001764b       0x8e ./Core/Src/syscalls.o
 .debug_macro   0x000176d9       0x1c ./Core/Src/syscalls.o
 .debug_macro   0x000176f5      0x177 ./Core/Src/syscalls.o
 .debug_macro   0x0001786c       0x10 ./Core/Src/syscalls.o
 .debug_macro   0x0001787c       0x35 ./Core/Src/syscalls.o
 .debug_macro   0x000178b1       0x10 ./Core/Src/syscalls.o
 .debug_macro   0x000178c1       0x10 ./Core/Src/syscalls.o
 .debug_macro   0x000178d1       0x10 ./Core/Src/syscalls.o
 .debug_macro   0x000178e1       0x1c ./Core/Src/syscalls.o
 .debug_macro   0x000178fd       0x52 ./Core/Src/syscalls.o
 .debug_macro   0x0001794f       0x22 ./Core/Src/syscalls.o
 .debug_macro   0x00017971       0x10 ./Core/Src/syscalls.o
 .debug_macro   0x00017981       0x52 ./Core/Src/syscalls.o
 .debug_macro   0x000179d3       0xcf ./Core/Src/syscalls.o
 .debug_macro   0x00017aa2       0x1c ./Core/Src/syscalls.o
 .debug_macro   0x00017abe       0x3d ./Core/Src/syscalls.o
 .debug_macro   0x00017afb       0x35 ./Core/Src/syscalls.o
 .debug_macro   0x00017b30      0x12c ./Core/Src/syscalls.o
 .debug_macro   0x00017c5c       0x16 ./Core/Src/syscalls.o
 .debug_macro   0x00017c72       0x16 ./Core/Src/syscalls.o
 .debug_macro   0x00017c88       0x29 ./Core/Src/syscalls.o
 .debug_macro   0x00017cb1       0x10 ./Core/Src/syscalls.o
 .debug_macro   0x00017cc1      0x242 ./Core/Src/syscalls.o
 .debug_macro   0x00017f03       0x1c ./Core/Src/syscalls.o
 .debug_macro   0x00017f1f       0x10 ./Core/Src/syscalls.o
 .debug_macro   0x00017f2f       0x10 ./Core/Src/syscalls.o
 .debug_macro   0x00017f3f       0x16 ./Core/Src/syscalls.o
 .debug_macro   0x00017f55      0x146 ./Core/Src/syscalls.o
 .debug_macro   0x0001809b      0x18a ./Core/Src/syscalls.o
 .debug_macro   0x00018225       0x16 ./Core/Src/syscalls.o
 .debug_macro   0x0001823b       0xce ./Core/Src/syscalls.o
 .debug_macro   0x00018309       0xff ./Core/Src/sysmem.o
 .debug_macro   0x00018408      0x23c ./Core/Src/sysmem.o
 .debug_macro   0x00018644      0x1cd ./Core/Src/system_stm32f0xx.o
 .debug_macro   0x00018811      0x31e ./Core/User/Config/DEV_Config.o
 .debug_macro   0x00018b2f       0xbe ./Core/User/Config/DEV_Config.o
 .debug_macro   0x00018bed       0x61 ./Core/User/Config/DEV_Config.o
 .debug_macro   0x00018c4e       0x76 ./Core/User/Config/DEV_Config.o
 .debug_macro   0x00018cc4       0x4c ./Core/User/Config/DEV_Config.o
 .debug_macro   0x00018d10       0x1c ./Core/User/Config/DEV_Config.o
 .debug_macro   0x00018d2c       0x16 ./Core/User/Config/DEV_Config.o
 .debug_macro   0x00018d42       0x20 ./Core/User/Config/DEV_Config.o
 .debug_macro   0x00018d62       0x1b ./Core/User/Example/ImageData.o
 .debug_macro   0x00018d7d      0x35d ./Core/User/Example/OLED_1in51_test.o
 .debug_macro   0x000190da       0x10 ./Core/User/Example/OLED_1in51_test.o
 .debug_macro   0x000190ea       0x6c ./Core/User/Fonts/font12CN.o
 .debug_macro   0x00019156       0x6c ./Core/User/Fonts/font24CN.o
 .debug_macro   0x000191c2       0x6c ./Core/User/Fonts/font8.o
 .debug_macro   0x0001922e      0x356 ./Core/User/GUI/GUI_Paint.o
 .debug_macro   0x00019584      0x307 ./Core/User/OLED/OLED_1in51.o
 .debug_macro   0x0001988b      0x1f1 ./Drivers/STM32F0xx_HAL_Driver/Src/stm32f0xx_hal.o
 .debug_macro   0x00019a7c      0x1cd ./Drivers/STM32F0xx_HAL_Driver/Src/stm32f0xx_hal_cortex.o
 .debug_macro   0x00019c49      0x1d4 ./Drivers/STM32F0xx_HAL_Driver/Src/stm32f0xx_hal_gpio.o
 .debug_macro   0x00019e1d      0x1df ./Drivers/STM32F0xx_HAL_Driver/Src/stm32f0xx_hal_rcc.o
 .debug_macro   0x00019ffc      0x1df ./Drivers/STM32F0xx_HAL_Driver/Src/stm32f0xx_hal_rcc_ex.o
 .debug_macro   0x0001a1db      0x214 ./Drivers/STM32F0xx_HAL_Driver/Src/stm32f0xx_hal_smbus.o
 .debug_macro   0x0001a3ef      0x1d5 ./Drivers/STM32F0xx_HAL_Driver/Src/stm32f0xx_hal_spi.o
 .debug_macro   0x0001a5c4      0x1ea ./Drivers/STM32F0xx_HAL_Driver/Src/stm32f0xx_hal_uart.o

.debug_line     0x00000000    0x15354
 .debug_line    0x00000000      0xb3c ./Core/Src/main.o
 .debug_line    0x00000b3c      0x9a5 ./Core/Src/stm32f0xx_hal_msp.o
 .debug_line    0x000014e1      0x800 ./Core/Src/stm32f0xx_it.o
 .debug_line    0x00001ce1      0x98f ./Core/Src/syscalls.o
 .debug_line    0x00002670      0x5a7 ./Core/Src/sysmem.o
 .debug_line    0x00002c17      0x820 ./Core/Src/system_stm32f0xx.o
 .debug_line    0x00003437       0x8d ./Core/Startup/startup_stm32f042k6tx.o
 .debug_line    0x000034c4      0xa70 ./Core/User/Config/DEV_Config.o
 .debug_line    0x00003f34       0x50 ./Core/User/Example/ImageData.o
 .debug_line    0x00003f84      0xada ./Core/User/Example/OLED_1in51_test.o
 .debug_line    0x00004a5e      0x408 ./Core/User/Fonts/font12CN.o
 .debug_line    0x00004e66      0x408 ./Core/User/Fonts/font24CN.o
 .debug_line    0x0000526e      0x405 ./Core/User/Fonts/font8.o
 .debug_line    0x00005673     0x1aa7 ./Core/User/GUI/GUI_Paint.o
 .debug_line    0x0000711a      0xae8 ./Core/User/OLED/OLED_1in51.o
 .debug_line    0x00007c02      0xafe ./Drivers/STM32F0xx_HAL_Driver/Src/stm32f0xx_hal.o
 .debug_line    0x00008700      0xb30 ./Drivers/STM32F0xx_HAL_Driver/Src/stm32f0xx_hal_cortex.o
 .debug_line    0x00009230      0xc68 ./Drivers/STM32F0xx_HAL_Driver/Src/stm32f0xx_hal_gpio.o
 .debug_line    0x00009e98     0x1307 ./Drivers/STM32F0xx_HAL_Driver/Src/stm32f0xx_hal_rcc.o
 .debug_line    0x0000b19f      0xe3d ./Drivers/STM32F0xx_HAL_Driver/Src/stm32f0xx_hal_rcc_ex.o
 .debug_line    0x0000bfdc     0x20c9 ./Drivers/STM32F0xx_HAL_Driver/Src/stm32f0xx_hal_smbus.o
 .debug_line    0x0000e0a5     0x2f46 ./Drivers/STM32F0xx_HAL_Driver/Src/stm32f0xx_hal_spi.o
 .debug_line    0x00010feb     0x4369 ./Drivers/STM32F0xx_HAL_Driver/Src/stm32f0xx_hal_uart.o

.debug_str      0x00000000    0x9175f
 .debug_str     0x00000000    0x881d3 ./Core/Src/main.o
                              0x88509 (size before relaxing)
 .debug_str     0x000881d3       0xba ./Core/Src/stm32f0xx_hal_msp.o
                              0x88257 (size before relaxing)
 .debug_str     0x0008828d       0x82 ./Core/Src/stm32f0xx_it.o
                              0x87a13 (size before relaxing)
 .debug_str     0x0008830f     0x5792 ./Core/Src/syscalls.o
                               0x97bb (size before relaxing)
 .debug_str     0x0008daa1       0x6b ./Core/Src/sysmem.o
                               0x5fd3 (size before relaxing)
 .debug_str     0x0008db0c       0x99 ./Core/Src/system_stm32f0xx.o
                              0x877c5 (size before relaxing)
 .debug_str     0x0008dba5       0x44 ./Core/Startup/startup_stm32f042k6tx.o
                                 0x7b (size before relaxing)
 .debug_str     0x0008dbe9      0x9f0 ./Core/User/Config/DEV_Config.o
                              0x8c0c2 (size before relaxing)
 .debug_str     0x0008e5d9      0x106 ./Core/User/Example/ImageData.o
                               0x2e1f (size before relaxing)
 .debug_str     0x0008e6df      0xcba ./Core/User/Example/OLED_1in51_test.o
                              0x8c655 (size before relaxing)
 .debug_str     0x0008f399       0x2d ./Core/User/Fonts/font12CN.o
                               0x3cdc (size before relaxing)
 .debug_str     0x0008f3c6       0x2d ./Core/User/Fonts/font24CN.o
                               0x3cdc (size before relaxing)
 .debug_str     0x0008f3f3       0x27 ./Core/User/Fonts/font8.o
                               0x3cc8 (size before relaxing)
 .debug_str     0x0008f41a      0x38c ./Core/User/GUI/GUI_Paint.o
                              0x8c5d0 (size before relaxing)
 .debug_str     0x0008f7a6       0xb1 ./Core/User/OLED/OLED_1in51.o
                              0x8bac2 (size before relaxing)
 .debug_str     0x0008f857      0x4bc ./Drivers/STM32F0xx_HAL_Driver/Src/stm32f0xx_hal.o
                              0x87d77 (size before relaxing)
 .debug_str     0x0008fd13      0x1be ./Drivers/STM32F0xx_HAL_Driver/Src/stm32f0xx_hal_cortex.o
                              0x87b5a (size before relaxing)
 .debug_str     0x0008fed1      0x113 ./Drivers/STM32F0xx_HAL_Driver/Src/stm32f0xx_hal_gpio.o
                              0x87958 (size before relaxing)
 .debug_str     0x0008ffe4      0x21a ./Drivers/STM32F0xx_HAL_Driver/Src/stm32f0xx_hal_rcc.o
                              0x87c0c (size before relaxing)
 .debug_str     0x000901fe      0x2c1 ./Drivers/STM32F0xx_HAL_Driver/Src/stm32f0xx_hal_rcc_ex.o
                              0x87baf (size before relaxing)
 .debug_str     0x000904bf      0x4a0 ./Drivers/STM32F0xx_HAL_Driver/Src/stm32f0xx_hal_smbus.o
                              0x87e66 (size before relaxing)
 .debug_str     0x0009095f      0x598 ./Drivers/STM32F0xx_HAL_Driver/Src/stm32f0xx_hal_spi.o
                              0x88135 (size before relaxing)
 .debug_str     0x00090ef7      0x868 ./Drivers/STM32F0xx_HAL_Driver/Src/stm32f0xx_hal_uart.o
                              0x88529 (size before relaxing)

.comment        0x00000000       0x43
 .comment       0x00000000       0x43 ./Core/Src/main.o
                                 0x44 (size before relaxing)
 .comment       0x00000043       0x44 ./Core/Src/stm32f0xx_hal_msp.o
 .comment       0x00000043       0x44 ./Core/Src/stm32f0xx_it.o
 .comment       0x00000043       0x44 ./Core/Src/syscalls.o
 .comment       0x00000043       0x44 ./Core/Src/sysmem.o
 .comment       0x00000043       0x44 ./Core/Src/system_stm32f0xx.o
 .comment       0x00000043       0x44 ./Core/User/Config/DEV_Config.o
 .comment       0x00000043       0x44 ./Core/User/Example/ImageData.o
 .comment       0x00000043       0x44 ./Core/User/Example/OLED_1in51_test.o
 .comment       0x00000043       0x44 ./Core/User/Fonts/font12CN.o
 .comment       0x00000043       0x44 ./Core/User/Fonts/font24CN.o
 .comment       0x00000043       0x44 ./Core/User/Fonts/font8.o
 .comment       0x00000043       0x44 ./Core/User/GUI/GUI_Paint.o
 .comment       0x00000043       0x44 ./Core/User/OLED/OLED_1in51.o
 .comment       0x00000043       0x44 ./Drivers/STM32F0xx_HAL_Driver/Src/stm32f0xx_hal.o
 .comment       0x00000043       0x44 ./Drivers/STM32F0xx_HAL_Driver/Src/stm32f0xx_hal_cortex.o
 .comment       0x00000043       0x44 ./Drivers/STM32F0xx_HAL_Driver/Src/stm32f0xx_hal_gpio.o
 .comment       0x00000043       0x44 ./Drivers/STM32F0xx_HAL_Driver/Src/stm32f0xx_hal_rcc.o
 .comment       0x00000043       0x44 ./Drivers/STM32F0xx_HAL_Driver/Src/stm32f0xx_hal_rcc_ex.o
 .comment       0x00000043       0x44 ./Drivers/STM32F0xx_HAL_Driver/Src/stm32f0xx_hal_smbus.o
 .comment       0x00000043       0x44 ./Drivers/STM32F0xx_HAL_Driver/Src/stm32f0xx_hal_spi.o
 .comment       0x00000043       0x44 ./Drivers/STM32F0xx_HAL_Driver/Src/stm32f0xx_hal_uart.o

.debug_frame    0x00000000     0x2484
 .debug_frame   0x00000000       0x58 ./Core/Src/main.o
 .debug_frame   0x00000058       0xc4 ./Core/Src/stm32f0xx_hal_msp.o
 .debug_frame   0x0000011c       0x68 ./Core/Src/stm32f0xx_it.o
 .debug_frame   0x00000184      0x184 ./Core/Src/syscalls.o
 .debug_frame   0x00000308       0x28 ./Core/Src/sysmem.o
 .debug_frame   0x00000330       0x3c ./Core/Src/system_stm32f0xx.o
 .debug_frame   0x0000036c       0x90 ./Core/User/Config/DEV_Config.o
 .debug_frame   0x000003fc       0x30 ./Core/User/Example/OLED_1in51_test.o
 .debug_frame   0x0000042c      0x248 ./Core/User/GUI/GUI_Paint.o
 .debug_frame   0x00000674       0xb4 ./Core/User/OLED/OLED_1in51.o
 .debug_frame   0x00000728      0x1b4 ./Drivers/STM32F0xx_HAL_Driver/Src/stm32f0xx_hal.o
 .debug_frame   0x000008dc       0xe0 ./Drivers/STM32F0xx_HAL_Driver/Src/stm32f0xx_hal_cortex.o
 .debug_frame   0x000009bc       0xbc ./Drivers/STM32F0xx_HAL_Driver/Src/stm32f0xx_hal_gpio.o
 .debug_frame   0x00000a78      0x148 ./Drivers/STM32F0xx_HAL_Driver/Src/stm32f0xx_hal_rcc.o
 .debug_frame   0x00000bc0      0x104 ./Drivers/STM32F0xx_HAL_Driver/Src/stm32f0xx_hal_rcc_ex.o
 .debug_frame   0x00000cc4      0x34c ./Drivers/STM32F0xx_HAL_Driver/Src/stm32f0xx_hal_smbus.o
 .debug_frame   0x00001010      0x5b4 ./Drivers/STM32F0xx_HAL_Driver/Src/stm32f0xx_hal_spi.o
 .debug_frame   0x000015c4      0x660 ./Drivers/STM32F0xx_HAL_Driver/Src/stm32f0xx_hal_uart.o
 .debug_frame   0x00001c24       0x40 C:/ST/STM32CubeIDE_1.17.0/STM32CubeIDE/plugins/com.st.stm32cube.ide.mcu.externaltools.gnu-tools-for-stm32.12.3.rel1.win32_1.1.0.202410251130/tools/bin/../lib/gcc/arm-none-eabi/12.3.1/../../../../arm-none-eabi/lib/thumb/v6-m/nofp\libc_nano.a(libc_a-malloc.o)
 .debug_frame   0x00001c64       0x50 C:/ST/STM32CubeIDE_1.17.0/STM32CubeIDE/plugins/com.st.stm32cube.ide.mcu.externaltools.gnu-tools-for-stm32.12.3.rel1.win32_1.1.0.202410251130/tools/bin/../lib/gcc/arm-none-eabi/12.3.1/../../../../arm-none-eabi/lib/thumb/v6-m/nofp\libc_nano.a(libc_a-mallocr.o)
 .debug_frame   0x00001cb4       0x40 C:/ST/STM32CubeIDE_1.17.0/STM32CubeIDE/plugins/com.st.stm32cube.ide.mcu.externaltools.gnu-tools-for-stm32.12.3.rel1.win32_1.1.0.202410251130/tools/bin/../lib/gcc/arm-none-eabi/12.3.1/../../../../arm-none-eabi/lib/thumb/v6-m/nofp\libc_nano.a(libc_a-mlock.o)
 .debug_frame   0x00001cf4      0x138 C:/ST/STM32CubeIDE_1.17.0/STM32CubeIDE/plugins/com.st.stm32cube.ide.mcu.externaltools.gnu-tools-for-stm32.12.3.rel1.win32_1.1.0.202410251130/tools/bin/../lib/gcc/arm-none-eabi/12.3.1/../../../../arm-none-eabi/lib/thumb/v6-m/nofp\libc_nano.a(libc_a-findfp.o)
 .debug_frame   0x00001e2c       0x34 C:/ST/STM32CubeIDE_1.17.0/STM32CubeIDE/plugins/com.st.stm32cube.ide.mcu.externaltools.gnu-tools-for-stm32.12.3.rel1.win32_1.1.0.202410251130/tools/bin/../lib/gcc/arm-none-eabi/12.3.1/../../../../arm-none-eabi/lib/thumb/v6-m/nofp\libc_nano.a(libc_a-fwalk.o)
 .debug_frame   0x00001e60       0x4c C:/ST/STM32CubeIDE_1.17.0/STM32CubeIDE/plugins/com.st.stm32cube.ide.mcu.externaltools.gnu-tools-for-stm32.12.3.rel1.win32_1.1.0.202410251130/tools/bin/../lib/gcc/arm-none-eabi/12.3.1/../../../../arm-none-eabi/lib/thumb/v6-m/nofp\libc_nano.a(libc_a-printf.o)
 .debug_frame   0x00001eac       0x44 C:/ST/STM32CubeIDE_1.17.0/STM32CubeIDE/plugins/com.st.stm32cube.ide.mcu.externaltools.gnu-tools-for-stm32.12.3.rel1.win32_1.1.0.202410251130/tools/bin/../lib/gcc/arm-none-eabi/12.3.1/../../../../arm-none-eabi/lib/thumb/v6-m/nofp\libc_nano.a(libc_a-puts.o)
 .debug_frame   0x00001ef0       0x90 C:/ST/STM32CubeIDE_1.17.0/STM32CubeIDE/plugins/com.st.stm32cube.ide.mcu.externaltools.gnu-tools-for-stm32.12.3.rel1.win32_1.1.0.202410251130/tools/bin/../lib/gcc/arm-none-eabi/12.3.1/../../../../arm-none-eabi/lib/thumb/v6-m/nofp\libc_nano.a(libc_a-stdio.o)
 .debug_frame   0x00001f80       0x48 C:/ST/STM32CubeIDE_1.17.0/STM32CubeIDE/plugins/com.st.stm32cube.ide.mcu.externaltools.gnu-tools-for-stm32.12.3.rel1.win32_1.1.0.202410251130/tools/bin/../lib/gcc/arm-none-eabi/12.3.1/../../../../arm-none-eabi/lib/thumb/v6-m/nofp\libc_nano.a(libc_a-wbuf.o)
 .debug_frame   0x00001fc8       0x2c C:/ST/STM32CubeIDE_1.17.0/STM32CubeIDE/plugins/com.st.stm32cube.ide.mcu.externaltools.gnu-tools-for-stm32.12.3.rel1.win32_1.1.0.202410251130/tools/bin/../lib/gcc/arm-none-eabi/12.3.1/../../../../arm-none-eabi/lib/thumb/v6-m/nofp\libc_nano.a(libc_a-wsetup.o)
 .debug_frame   0x00001ff4       0x20 C:/ST/STM32CubeIDE_1.17.0/STM32CubeIDE/plugins/com.st.stm32cube.ide.mcu.externaltools.gnu-tools-for-stm32.12.3.rel1.win32_1.1.0.202410251130/tools/bin/../lib/gcc/arm-none-eabi/12.3.1/../../../../arm-none-eabi/lib/thumb/v6-m/nofp\libc_nano.a(libc_a-memset.o)
 .debug_frame   0x00002014       0x2c C:/ST/STM32CubeIDE_1.17.0/STM32CubeIDE/plugins/com.st.stm32cube.ide.mcu.externaltools.gnu-tools-for-stm32.12.3.rel1.win32_1.1.0.202410251130/tools/bin/../lib/gcc/arm-none-eabi/12.3.1/../../../../arm-none-eabi/lib/thumb/v6-m/nofp\libc_nano.a(libc_a-closer.o)
 .debug_frame   0x00002040       0x2c C:/ST/STM32CubeIDE_1.17.0/STM32CubeIDE/plugins/com.st.stm32cube.ide.mcu.externaltools.gnu-tools-for-stm32.12.3.rel1.win32_1.1.0.202410251130/tools/bin/../lib/gcc/arm-none-eabi/12.3.1/../../../../arm-none-eabi/lib/thumb/v6-m/nofp\libc_nano.a(libc_a-reent.o)
 .debug_frame   0x0000206c       0x2c C:/ST/STM32CubeIDE_1.17.0/STM32CubeIDE/plugins/com.st.stm32cube.ide.mcu.externaltools.gnu-tools-for-stm32.12.3.rel1.win32_1.1.0.202410251130/tools/bin/../lib/gcc/arm-none-eabi/12.3.1/../../../../arm-none-eabi/lib/thumb/v6-m/nofp\libc_nano.a(libc_a-lseekr.o)
 .debug_frame   0x00002098       0x2c C:/ST/STM32CubeIDE_1.17.0/STM32CubeIDE/plugins/com.st.stm32cube.ide.mcu.externaltools.gnu-tools-for-stm32.12.3.rel1.win32_1.1.0.202410251130/tools/bin/../lib/gcc/arm-none-eabi/12.3.1/../../../../arm-none-eabi/lib/thumb/v6-m/nofp\libc_nano.a(libc_a-readr.o)
 .debug_frame   0x000020c4       0x2c C:/ST/STM32CubeIDE_1.17.0/STM32CubeIDE/plugins/com.st.stm32cube.ide.mcu.externaltools.gnu-tools-for-stm32.12.3.rel1.win32_1.1.0.202410251130/tools/bin/../lib/gcc/arm-none-eabi/12.3.1/../../../../arm-none-eabi/lib/thumb/v6-m/nofp\libc_nano.a(libc_a-sbrkr.o)
 .debug_frame   0x000020f0       0x2c C:/ST/STM32CubeIDE_1.17.0/STM32CubeIDE/plugins/com.st.stm32cube.ide.mcu.externaltools.gnu-tools-for-stm32.12.3.rel1.win32_1.1.0.202410251130/tools/bin/../lib/gcc/arm-none-eabi/12.3.1/../../../../arm-none-eabi/lib/thumb/v6-m/nofp\libc_nano.a(libc_a-writer.o)
 .debug_frame   0x0000211c       0x20 C:/ST/STM32CubeIDE_1.17.0/STM32CubeIDE/plugins/com.st.stm32cube.ide.mcu.externaltools.gnu-tools-for-stm32.12.3.rel1.win32_1.1.0.202410251130/tools/bin/../lib/gcc/arm-none-eabi/12.3.1/../../../../arm-none-eabi/lib/thumb/v6-m/nofp\libc_nano.a(libc_a-errno.o)
 .debug_frame   0x0000213c       0x2c C:/ST/STM32CubeIDE_1.17.0/STM32CubeIDE/plugins/com.st.stm32cube.ide.mcu.externaltools.gnu-tools-for-stm32.12.3.rel1.win32_1.1.0.202410251130/tools/bin/../lib/gcc/arm-none-eabi/12.3.1/../../../../arm-none-eabi/lib/thumb/v6-m/nofp\libc_nano.a(libc_a-init.o)