../Core/User/OLED/OLED_1in5_b.c:40:13:OLED_Reset	8	static
../Core/User/OLED/OLED_1in5_b.c:53:13:OLED_WriteReg	16	static
../Core/User/OLED/OLED_1in5_b.c:75:13:OLED_WriteData	16	static
../Core/User/OLED/OLED_1in5_b.c:102:13:OLED_InitReg	8	static
../Core/User/OLED/OLED_1in5_b.c:150:6:OLED_1in5_B_Init	8	static
../Core/User/OLED/OLED_1in5_b.c:170:6:OLED_1in5_B_Clear	24	static
../Core/User/OLED/OLED_1in5_b.c:186:6:OLED_1in5_B_Clear_White	24	static
../Core/User/OLED/OLED_1in5_b.c:207:14:reverse	16	static
../Core/User/OLED/OLED_1in5_b.c:219:6:OLED_1in5_B_Display	40	static
../Core/User/OLED/OLED_1in5_b.c:242:6:OLED_1in5_B_Display_Test	32	static
