../Core/User/GUI/GUI_Paint.c:99:6:Paint_NewImage	20	static
../Core/User/GUI/GUI_Paint.c:131:6:Paint_SelectImage	0	static
../Core/User/GUI/GUI_Paint.c:141:6:Paint_SetRotate	8	static
../Core/User/GUI/GUI_Paint.c:151:6:Paint_SetScale	8	static
../Core/User/GUI/GUI_Paint.c:175:6:Paint_SetMirroring	8	static
../Core/User/GUI/GUI_Paint.c:194:6:Paint_SetPixel	16	static
../Core/User/GUI/GUI_Paint.c:277:6:Paint_Clear	20	static
../Core/User/GUI/GUI_Paint.c:314:6:Paint_ClearWindows	32	static
../Core/User/GUI/GUI_Paint.c:333:6:Paint_DrawPoint	48	static
../Core/User/GUI/GUI_Paint.c:373:6:Paint_DrawLine	80	static
../Core/User/GUI/GUI_Paint.c:434:6:Paint_DrawRectangle	56	static
../Core/User/GUI/GUI_Paint.c:467:6:Paint_DrawCircle	80	static
../Core/User/GUI/GUI_Paint.c:536:6:Paint_DrawChar	48	static
../Core/User/GUI/GUI_Paint.c:593:6:Paint_DrawString_EN	48	static
../Core/User/GUI/GUI_Paint.c:637:6:Paint_DrawString_CN	48	static
../Core/User/GUI/GUI_Paint.c:747:6:Paint_DrawNum	576	static
../Core/User/GUI/GUI_Paint.c:808:6:Paint_DrawTime	72	static
../Core/User/GUI/GUI_Paint.c:834:6:Paint_DrawBitMap	16	static
../Core/User/GUI/GUI_Paint.c:923:6:Paint_DrawBitMap_Block	20	static
