../Drivers/STM32F0xx_HAL_Driver/Src/stm32f0xx_hal_i2s.c:1812:26:I2S_WaitFlagStateUntilTimeout	32	static
../Drivers/STM32F0xx_HAL_Driver/Src/stm32f0xx_hal_i2s.c:470:13:HAL_I2S_MspInit	0	static
../Drivers/STM32F0xx_HAL_Driver/Src/stm32f0xx_hal_i2s.c:261:19:HAL_I2S_Init	32	static
../Drivers/STM32F0xx_HAL_Driver/Src/stm32f0xx_hal_i2s.c:486:13:HAL_I2S_MspDeInit	0	static
../Drivers/STM32F0xx_HAL_Driver/Src/stm32f0xx_hal_i2s.c:426:19:HAL_I2S_DeInit	16	static
../Drivers/STM32F0xx_HAL_Driver/Src/stm32f0xx_hal_i2s.c:749:19:HAL_I2S_Transmit	48	static
../Drivers/STM32F0xx_HAL_Driver/Src/stm32f0xx_hal_i2s.c:867:19:HAL_I2S_Receive	40	static
../Drivers/STM32F0xx_HAL_Driver/Src/stm32f0xx_hal_i2s.c:964:19:HAL_I2S_Transmit_IT	20	static
../Drivers/STM32F0xx_HAL_Driver/Src/stm32f0xx_hal_i2s.c:1030:19:HAL_I2S_Receive_IT	20	static
../Drivers/STM32F0xx_HAL_Driver/Src/stm32f0xx_hal_i2s.c:1094:19:HAL_I2S_Transmit_DMA	24	static
../Drivers/STM32F0xx_HAL_Driver/Src/stm32f0xx_hal_i2s.c:1185:19:HAL_I2S_Receive_DMA	32	static
../Drivers/STM32F0xx_HAL_Driver/Src/stm32f0xx_hal_i2s.c:1274:19:HAL_I2S_DMAPause	8	static
../Drivers/STM32F0xx_HAL_Driver/Src/stm32f0xx_hal_i2s.c:1306:19:HAL_I2S_DMAResume	8	static
../Drivers/STM32F0xx_HAL_Driver/Src/stm32f0xx_hal_i2s.c:1345:19:HAL_I2S_DMAStop	24	static
../Drivers/STM32F0xx_HAL_Driver/Src/stm32f0xx_hal_i2s.c:1506:13:HAL_I2S_TxHalfCpltCallback	0	static
../Drivers/STM32F0xx_HAL_Driver/Src/stm32f0xx_hal_i2s.c:1664:13:I2S_DMATxHalfCplt	8	static
../Drivers/STM32F0xx_HAL_Driver/Src/stm32f0xx_hal_i2s.c:1522:13:HAL_I2S_TxCpltCallback	0	static
../Drivers/STM32F0xx_HAL_Driver/Src/stm32f0xx_hal_i2s.c:1637:13:I2S_DMATxCplt	8	static
../Drivers/STM32F0xx_HAL_Driver/Src/stm32f0xx_hal_i2s.c:1538:13:HAL_I2S_RxHalfCpltCallback	0	static
../Drivers/STM32F0xx_HAL_Driver/Src/stm32f0xx_hal_i2s.c:1708:13:I2S_DMARxHalfCplt	8	static
../Drivers/STM32F0xx_HAL_Driver/Src/stm32f0xx_hal_i2s.c:1554:13:HAL_I2S_RxCpltCallback	0	static
../Drivers/STM32F0xx_HAL_Driver/Src/stm32f0xx_hal_i2s.c:1682:13:I2S_DMARxCplt	8	static
../Drivers/STM32F0xx_HAL_Driver/Src/stm32f0xx_hal_i2s.c:1570:13:HAL_I2S_ErrorCallback	0	static
../Drivers/STM32F0xx_HAL_Driver/Src/stm32f0xx_hal_i2s.c:1726:13:I2S_DMAError	8	static
../Drivers/STM32F0xx_HAL_Driver/Src/stm32f0xx_hal_i2s.c:1445:6:HAL_I2S_IRQHandler	16	static
../Drivers/STM32F0xx_HAL_Driver/Src/stm32f0xx_hal_i2s.c:1605:22:HAL_I2S_GetState	0	static
../Drivers/STM32F0xx_HAL_Driver/Src/stm32f0xx_hal_i2s.c:1616:10:HAL_I2S_GetError	0	static
